Component: Arm Compiler for Embedded 6.19 Tool: armlink [5e73cb00]

==============================================================================

Section Cross References

    startup_stm32f103xb.o(STACK) refers (Special) to heapauxi.o(.text) for __use_two_region_memory
    startup_stm32f103xb.o(HEAP) refers (Special) to heapauxi.o(.text) for __use_two_region_memory
    startup_stm32f103xb.o(RESET) refers (Special) to heapauxi.o(.text) for __use_two_region_memory
    startup_stm32f103xb.o(RESET) refers to startup_stm32f103xb.o(STACK) for __initial_sp
    startup_stm32f103xb.o(RESET) refers to startup_stm32f103xb.o(.text) for Reset_Handler
    startup_stm32f103xb.o(RESET) refers to stm32f1xx_it.o(.text.NMI_Handler) for NMI_Handler
    startup_stm32f103xb.o(RESET) refers to stm32f1xx_it.o(.text.HardFault_Handler) for HardFault_Handler
    startup_stm32f103xb.o(RESET) refers to stm32f1xx_it.o(.text.MemManage_Handler) for MemManage_Handler
    startup_stm32f103xb.o(RESET) refers to stm32f1xx_it.o(.text.BusFault_Handler) for BusFault_Handler
    startup_stm32f103xb.o(RESET) refers to stm32f1xx_it.o(.text.UsageFault_Handler) for UsageFault_Handler
    startup_stm32f103xb.o(RESET) refers to stm32f1xx_it.o(.text.SVC_Handler) for SVC_Handler
    startup_stm32f103xb.o(RESET) refers to stm32f1xx_it.o(.text.DebugMon_Handler) for DebugMon_Handler
    startup_stm32f103xb.o(RESET) refers to stm32f1xx_it.o(.text.PendSV_Handler) for PendSV_Handler
    startup_stm32f103xb.o(RESET) refers to stm32f1xx_it.o(.text.SysTick_Handler) for SysTick_Handler
    startup_stm32f103xb.o(.text) refers (Special) to heapauxi.o(.text) for __use_two_region_memory
    startup_stm32f103xb.o(.text) refers to system_stm32f1xx.o(.text.SystemInit) for SystemInit
    startup_stm32f103xb.o(.text) refers to __main.o(!!!main) for __main
    startup_stm32f103xb.o(.text) refers to startup_stm32f103xb.o(HEAP) for Heap_Mem
    startup_stm32f103xb.o(.text) refers to startup_stm32f103xb.o(STACK) for Stack_Mem
    main.o(.text.ADC_Select_CH0) refers to main.o(.bss..L_MergedGlobals) for .L_MergedGlobals
    main.o(.text.ADC_Select_CH0) refers to stm32f1xx_hal_adc.o(.text.HAL_ADC_ConfigChannel) for HAL_ADC_ConfigChannel
    main.o(.ARM.exidx.text.ADC_Select_CH0) refers to main.o(.text.ADC_Select_CH0) for [Anonymous Symbol]
    main.o(.ARM.exidx.text.Error_Handler) refers to main.o(.text.Error_Handler) for [Anonymous Symbol]
    main.o(.text.ADC_Select_CH1) refers to main.o(.bss..L_MergedGlobals) for .L_MergedGlobals
    main.o(.text.ADC_Select_CH1) refers to stm32f1xx_hal_adc.o(.text.HAL_ADC_ConfigChannel) for HAL_ADC_ConfigChannel
    main.o(.ARM.exidx.text.ADC_Select_CH1) refers to main.o(.text.ADC_Select_CH1) for [Anonymous Symbol]
    main.o(.text.ADC_Select_CH9) refers to main.o(.bss..L_MergedGlobals) for .L_MergedGlobals
    main.o(.text.ADC_Select_CH9) refers to stm32f1xx_hal_adc.o(.text.HAL_ADC_ConfigChannel) for HAL_ADC_ConfigChannel
    main.o(.ARM.exidx.text.ADC_Select_CH9) refers to main.o(.text.ADC_Select_CH9) for [Anonymous Symbol]
    main.o(.text.main) refers to stm32f1xx_hal.o(.text.HAL_Init) for HAL_Init
    main.o(.text.main) refers to stm32f1xx_hal_rcc.o(.text.HAL_RCC_OscConfig) for HAL_RCC_OscConfig
    main.o(.text.main) refers to stm32f1xx_hal_rcc.o(.text.HAL_RCC_ClockConfig) for HAL_RCC_ClockConfig
    main.o(.text.main) refers to stm32f1xx_hal_rcc_ex.o(.text.HAL_RCCEx_PeriphCLKConfig) for HAL_RCCEx_PeriphCLKConfig
    main.o(.text.main) refers to stm32f1xx_hal_gpio.o(.text.HAL_GPIO_WritePin) for HAL_GPIO_WritePin
    main.o(.text.main) refers to stm32f1xx_hal_gpio.o(.text.HAL_GPIO_Init) for HAL_GPIO_Init
    main.o(.text.main) refers to main.o(.bss..L_MergedGlobals) for .L_MergedGlobals
    main.o(.text.main) refers to stm32f1xx_hal_adc.o(.text.HAL_ADC_Init) for HAL_ADC_Init
    main.o(.text.main) refers to stm32f1xx_hal_adc.o(.text.HAL_ADC_ConfigChannel) for HAL_ADC_ConfigChannel
    main.o(.text.main) refers to main.o(.bss.htim2) for htim2
    main.o(.text.main) refers to stm32f1xx_hal_tim.o(.text.HAL_TIM_Base_Init) for HAL_TIM_Base_Init
    main.o(.text.main) refers to stm32f1xx_hal_tim.o(.text.HAL_TIM_ConfigClockSource) for HAL_TIM_ConfigClockSource
    main.o(.text.main) refers to stm32f1xx_hal_tim.o(.text.HAL_TIM_PWM_Init) for HAL_TIM_PWM_Init
    main.o(.text.main) refers to stm32f1xx_hal_tim_ex.o(.text.HAL_TIMEx_MasterConfigSynchronization) for HAL_TIMEx_MasterConfigSynchronization
    main.o(.text.main) refers to stm32f1xx_hal_tim.o(.text.HAL_TIM_PWM_ConfigChannel) for HAL_TIM_PWM_ConfigChannel
    main.o(.text.main) refers to stm32f1xx_hal_msp.o(.text.HAL_TIM_MspPostInit) for HAL_TIM_MspPostInit
    main.o(.text.main) refers to main.o(.bss.htim3) for htim3
    main.o(.text.main) refers to main.o(.bss.htim4) for htim4
    main.o(.text.main) refers to stm32f1xx_hal_tim.o(.text.HAL_TIM_PWM_Start) for HAL_TIM_PWM_Start
    main.o(.text.main) refers to fcmp.o(x$fpl$fcmp) for __aeabi_fcmple
[...]
    Removing stm32f1xx_hal_tim.o(.ARM.exidx.text.HAL_TIM_OnePulse_Start_IT), (8 bytes).
    Removing stm32f1xx_hal_tim.o(.text.HAL_TIM_OnePulse_Stop_IT), (144 bytes).
    Removing stm32f1xx_hal_tim.o(.ARM.exidx.text.HAL_TIM_OnePulse_Stop_IT), (8 bytes).
    Removing stm32f1xx_hal_tim.o(.text.HAL_TIM_Encoder_Init), (332 bytes).
    Removing stm32f1xx_hal_tim.o(.ARM.exidx.text.HAL_TIM_Encoder_Init), (8 bytes).
    Removing stm32f1xx_hal_tim.o(.text.HAL_TIM_Encoder_MspInit), (2 bytes).
    Removing stm32f1xx_hal_tim.o(.ARM.exidx.text.HAL_TIM_Encoder_MspInit), (8 bytes).
    Removing stm32f1xx_hal_tim.o(.text.HAL_TIM_Encoder_DeInit), (80 bytes).
    Removing stm32f1xx_hal_tim.o(.ARM.exidx.text.HAL_TIM_Encoder_DeInit), (8 bytes).
    Removing stm32f1xx_hal_tim.o(.text.HAL_TIM_Encoder_MspDeInit), (2 bytes).
    Removing stm32f1xx_hal_tim.o(.ARM.exidx.text.HAL_TIM_Encoder_MspDeInit), (8 bytes).
    Removing stm32f1xx_hal_tim.o(.text.HAL_TIM_Encoder_Start), (188 bytes).
    Removing stm32f1xx_hal_tim.o(.ARM.exidx.text.HAL_TIM_Encoder_Start), (8 bytes).
    Removing stm32f1xx_hal_tim.o(.text.HAL_TIM_Encoder_Stop), (150 bytes).
    Removing stm32f1xx_hal_tim.o(.ARM.exidx.text.HAL_TIM_Encoder_Stop), (8 bytes).
    Removing stm32f1xx_hal_tim.o(.text.HAL_TIM_Encoder_Start_IT), (230 bytes).
    Removing stm32f1xx_hal_tim.o(.ARM.exidx.text.HAL_TIM_Encoder_Start_IT), (8 bytes).
    Removing stm32f1xx_hal_tim.o(.text.HAL_TIM_Encoder_Stop_IT), (214 bytes).
    Removing stm32f1xx_hal_tim.o(.ARM.exidx.text.HAL_TIM_Encoder_Stop_IT), (8 bytes).
    Removing stm32f1xx_hal_tim.o(.text.HAL_TIM_Encoder_Start_DMA), (528 bytes).
    Removing stm32f1xx_hal_tim.o(.ARM.exidx.text.HAL_TIM_Encoder_Start_DMA), (8 bytes).
    Removing stm32f1xx_hal_tim.o(.text.HAL_TIM_Encoder_Stop_DMA), (230 bytes).
    Removing stm32f1xx_hal_tim.o(.ARM.exidx.text.HAL_TIM_Encoder_Stop_DMA), (8 bytes).
    Removing stm32f1xx_hal_tim.o(.text.HAL_TIM_IRQHandler), (368 bytes).
    Removing stm32f1xx_hal_tim.o(.ARM.exidx.text.HAL_TIM_IRQHandler), (8 bytes).
    Removing stm32f1xx_hal_tim.o(.text.HAL_TIM_IC_CaptureCallback), (2 bytes).
    Removing stm32f1xx_hal_tim.o(.ARM.exidx.text.HAL_TIM_IC_CaptureCallback), (8 bytes).
    Removing stm32f1xx_hal_tim.o(.text.HAL_TIM_OC_DelayElapsedCallback), (2 bytes).
    Removing stm32f1xx_hal_tim.o(.ARM.exidx.text.HAL_TIM_OC_DelayElapsedCallback), (8 bytes).
    Removing stm32f1xx_hal_tim.o(.text.HAL_TIM_PWM_PulseFinishedCallback), (2 bytes).
    Removing stm32f1xx_hal_tim.o(.ARM.exidx.text.HAL_TIM_PWM_PulseFinishedCallback), (8 bytes).
    Removing stm32f1xx_hal_tim.o(.text.HAL_TIM_PeriodElapsedCallback), (2 bytes).
    Removing stm32f1xx_hal_tim.o(.ARM.exidx.text.HAL_TIM_PeriodElapsedCallback), (8 bytes).
    Removing stm32f1xx_hal_tim.o(.text.HAL_TIM_TriggerCallback), (2 bytes).
    Removing stm32f1xx_hal_tim.o(.ARM.exidx.text.HAL_TIM_TriggerCallback), (8 bytes).
    Removing stm32f1xx_hal_tim.o(.text.HAL_TIM_OC_ConfigChannel), (418 bytes).
    Removing stm32f1xx_hal_tim.o(.ARM.exidx.text.HAL_TIM_OC_ConfigChannel), (8 bytes).
    Removing stm32f1xx_hal_tim.o(.text.TIM_OC2_SetConfig), (96 bytes).
    Removing stm32f1xx_hal_tim.o(.ARM.exidx.text.TIM_OC2_SetConfig), (8 bytes).
    Removing stm32f1xx_hal_tim.o(.text.HAL_TIM_IC_ConfigChannel), (382 bytes).
    Removing stm32f1xx_hal_tim.o(.ARM.exidx.text.HAL_TIM_IC_ConfigChannel), (8 bytes).
    Removing stm32f1xx_hal_tim.o(.text.TIM_TI1_SetConfig), (114 bytes).
    Removing stm32f1xx_hal_tim.o(.ARM.exidx.text.TIM_TI1_SetConfig), (8 bytes).
    Removing stm32f1xx_hal_tim.o(.ARM.exidx.text.HAL_TIM_PWM_ConfigChannel), (8 bytes).
    Removing stm32f1xx_hal_tim.o(.text.HAL_TIM_OnePulse_ConfigChannel), (474 bytes).
    Removing stm32f1xx_hal_tim.o(.ARM.exidx.text.HAL_TIM_OnePulse_ConfigChannel), (8 bytes).
    Removing stm32f1xx_hal_tim.o(.text.HAL_TIM_DMABurst_WriteStart), (28 bytes).
    Removing stm32f1xx_hal_tim.o(.ARM.exidx.text.HAL_TIM_DMABurst_WriteStart), (8 bytes).
    Removing stm32f1xx_hal_tim.o(.text.HAL_TIM_DMABurst_MultiWriteStart), (452 bytes).
    Removing stm32f1xx_hal_tim.o(.ARM.exidx.text.HAL_TIM_DMABurst_MultiWriteStart), (8 bytes).
    Removing stm32f1xx_hal_tim.o(.text.TIM_DMATriggerCplt), (20 bytes).
    Removing stm32f1xx_hal_tim.o(.ARM.exidx.text.TIM_DMATriggerCplt), (8 bytes).
    Removing stm32f1xx_hal_tim.o(.text.TIM_DMATriggerHalfCplt), (6 bytes).
    Removing stm32f1xx_hal_tim.o(.ARM.exidx.text.TIM_DMATriggerHalfCplt), (8 bytes).
    Removing stm32f1xx_hal_tim.o(.text.HAL_TIM_DMABurst_WriteStop), (132 bytes).
    Removing stm32f1xx_hal_tim.o(.ARM.exidx.text.HAL_TIM_DMABurst_WriteStop), (8 bytes).
    Removing stm32f1xx_hal_tim.o(.text.HAL_TIM_DMABurst_ReadStart), (28 bytes).
    Removing stm32f1xx_hal_tim.o(.ARM.exidx.text.HAL_TIM_DMABurst_ReadStart), (8 bytes).
    Removing stm32f1xx_hal_tim.o(.text.HAL_TIM_DMABurst_MultiReadStart), (452 bytes).
    Removing stm32f1xx_hal_tim.o(.ARM.exidx.text.HAL_TIM_DMABurst_MultiReadStart), (8 bytes).
    Removing stm32f1xx_hal_tim.o(.text.HAL_TIM_DMABurst_ReadStop), (132 bytes).
    Removing stm32f1xx_hal_tim.o(.ARM.exidx.text.HAL_TIM_DMABurst_ReadStop), (8 bytes).
    Removing stm32f1xx_hal_tim.o(.text.HAL_TIM_GenerateEvent), (36 bytes).
    Removing stm32f1xx_hal_tim.o(.ARM.exidx.text.HAL_TIM_GenerateEvent), (8 bytes).
    Removing stm32f1xx_hal_tim.o(.text.HAL_TIM_ConfigOCrefClear), (212 bytes).
    Removing stm32f1xx_hal_tim.o(.ARM.exidx.text.HAL_TIM_ConfigOCrefClear), (8 bytes).
    Removing stm32f1xx_hal_tim.o(.text.TIM_ETR_SetConfig), (22 bytes).
    Removing stm32f1xx_hal_tim.o(.ARM.exidx.text.TIM_ETR_SetConfig), (8 bytes).
    Removing stm32f1xx_hal_tim.o(.ARM.exidx.text.HAL_TIM_ConfigClockSource), (8 bytes).
    Removing stm32f1xx_hal_tim.o(.text.HAL_TIM_ConfigTI1Input), (16 bytes).
    Removing stm32f1xx_hal_tim.o(.ARM.exidx.text.HAL_TIM_ConfigTI1Input), (8 bytes).
    Removing stm32f1xx_hal_tim.o(.text.HAL_TIM_SlaveConfigSynchro), (88 bytes).
    Removing stm32f1xx_hal_tim.o(.ARM.exidx.text.HAL_TIM_SlaveConfigSynchro), (8 bytes).
    Removing stm32f1xx_hal_tim.o(.text.TIM_SlaveTimer_SetConfig), (250 bytes).
    Removing stm32f1xx_hal_tim.o(.ARM.exidx.text.TIM_SlaveTimer_SetConfig), (8 bytes).
    Removing stm32f1xx_hal_tim.o(.text.HAL_TIM_SlaveConfigSynchro_IT), (88 bytes).
    Removing stm32f1xx_hal_tim.o(.ARM.exidx.text.HAL_TIM_SlaveConfigSynchro_IT), (8 bytes).
    Removing stm32f1xx_hal_tim.o(.text.HAL_TIM_ReadCapturedValue), (52 bytes).
    Removing stm32f1xx_hal_tim.o(.ARM.exidx.text.HAL_TIM_ReadCapturedValue), (8 bytes).
    Removing stm32f1xx_hal_tim.o(.text.HAL_TIM_PeriodElapsedHalfCpltCallback), (2 bytes).
    Removing stm32f1xx_hal_tim.o(.ARM.exidx.text.HAL_TIM_PeriodElapsedHalfCpltCallback), (8 bytes).
    Removing stm32f1xx_hal_tim.o(.text.HAL_TIM_IC_CaptureHalfCpltCallback), (2 bytes).
    Removing stm32f1xx_hal_tim.o(.ARM.exidx.text.HAL_TIM_IC_CaptureHalfCpltCallback), (8 bytes).
    Removing stm32f1xx_hal_tim.o(.text.HAL_TIM_PWM_PulseFinishedHalfCpltCallback), (2 bytes).
    Removing stm32f1xx_hal_tim.o(.ARM.exidx.text.HAL_TIM_PWM_PulseFinishedHalfCpltCallback), (8 bytes).
    Removing stm32f1xx_hal_tim.o(.text.HAL_TIM_TriggerHalfCpltCallback), (2 bytes).
    Removing stm32f1xx_hal_tim.o(.ARM.exidx.text.HAL_TIM_TriggerHalfCpltCallback), (8 bytes).
    Removing stm32f1xx_hal_tim.o(.text.HAL_TIM_ErrorCallback), (2 bytes).
    Removing stm32f1xx_hal_tim.o(.ARM.exidx.text.HAL_TIM_ErrorCallback), (8 bytes).
    Removing stm32f1xx_hal_tim.o(.text.HAL_TIM_Base_GetState), (6 bytes).
    Removing stm32f1xx_hal_tim.o(.ARM.exidx.text.HAL_TIM_Base_GetState), (8 bytes).
    Removing stm32f1xx_hal_tim.o(.text.HAL_TIM_OC_GetState), (6 bytes).
    Removing stm32f1xx_hal_tim.o(.ARM.exidx.text.HAL_TIM_OC_GetState), (8 bytes).
    Removing stm32f1xx_hal_tim.o(.text.HAL_TIM_PWM_GetState), (6 bytes).
    Removing stm32f1xx_hal_tim.o(.ARM.exidx.text.HAL_TIM_PWM_GetState), (8 bytes).
    Removing stm32f1xx_hal_tim.o(.text.HAL_TIM_IC_GetState), (6 bytes).
    Removing stm32f1xx_hal_tim.o(.ARM.exidx.text.HAL_TIM_IC_GetState), (8 bytes).
    Removing stm32f1xx_hal_tim.o(.text.HAL_TIM_OnePulse_GetState), (6 bytes).
    Removing stm32f1xx_hal_tim.o(.ARM.exidx.text.HAL_TIM_OnePulse_GetState), (8 bytes).
    Removing stm32f1xx_hal_tim.o(.text.HAL_TIM_Encoder_GetState), (6 bytes).
    Removing stm32f1xx_hal_tim.o(.ARM.exidx.text.HAL_TIM_Encoder_GetState), (8 bytes).
    Removing stm32f1xx_hal_tim.o(.text.HAL_TIM_GetActiveChannel), (4 bytes).
    Removing stm32f1xx_hal_tim.o(.ARM.exidx.text.HAL_TIM_GetActiveChannel), (8 bytes).
    Removing stm32f1xx_hal_tim.o(.text.HAL_TIM_GetChannelState), (34 bytes).
    Removing stm32f1xx_hal_tim.o(.ARM.exidx.text.HAL_TIM_GetChannelState), (8 bytes).
    Removing stm32f1xx_hal_tim.o(.text.HAL_TIM_DMABurstState), (6 bytes).
    Removing stm32f1xx_hal_tim.o(.ARM.exidx.text.HAL_TIM_DMABurstState), (8 bytes).
    Removing stm32f1xx_hal_tim.o(.rodata.cst16), (32 bytes).
    Removing stm32f1xx_hal_tim_ex.o(.text), (0 bytes).
    Removing stm32f1xx_hal_tim_ex.o(.text.HAL_TIMEx_HallSensor_Init), (200 bytes).
    Removing stm32f1xx_hal_tim_ex.o(.ARM.exidx.text.HAL_TIMEx_HallSensor_Init), (8 bytes).
    Removing stm32f1xx_hal_tim_ex.o(.text.HAL_TIMEx_HallSensor_MspInit), (2 bytes).
    Removing stm32f1xx_hal_tim_ex.o(.ARM.exidx.text.HAL_TIMEx_HallSensor_MspInit), (8 bytes).
    Removing stm32f1xx_hal_tim_ex.o(.text.HAL_TIMEx_HallSensor_DeInit), (80 bytes).
    Removing stm32f1xx_hal_tim_ex.o(.ARM.exidx.text.HAL_TIMEx_HallSensor_DeInit), (8 bytes).
    Removing stm32f1xx_hal_tim_ex.o(.text.HAL_TIMEx_HallSensor_MspDeInit), (2 bytes).
    Removing stm32f1xx_hal_tim_ex.o(.ARM.exidx.text.HAL_TIMEx_HallSensor_MspDeInit), (8 bytes).
    Removing stm32f1xx_hal_tim_ex.o(.text.HAL_TIMEx_HallSensor_Start), (158 bytes).
    Removing stm32f1xx_hal_tim_ex.o(.ARM.exidx.text.HAL_TIMEx_HallSensor_Start), (8 bytes).
    Removing stm32f1xx_hal_tim_ex.o(.text.HAL_TIMEx_HallSensor_Stop), (66 bytes).
    Removing stm32f1xx_hal_tim_ex.o(.ARM.exidx.text.HAL_TIMEx_HallSensor_Stop), (8 bytes).
    Removing stm32f1xx_hal_tim_ex.o(.text.HAL_TIMEx_HallSensor_Start_IT), (166 bytes).
    Removing stm32f1xx_hal_tim_ex.o(.ARM.exidx.text.HAL_TIMEx_HallSensor_Start_IT), (8 bytes).
    Removing stm32f1xx_hal_tim_ex.o(.text.HAL_TIMEx_HallSensor_Stop_IT), (74 bytes).
    Removing stm32f1xx_hal_tim_ex.o(.ARM.exidx.text.HAL_TIMEx_HallSensor_Stop_IT), (8 bytes).
    Removing stm32f1xx_hal_tim_ex.o(.text.HAL_TIMEx_HallSensor_Start_DMA), (232 bytes).
    Removing stm32f1xx_hal_tim_ex.o(.ARM.exidx.text.HAL_TIMEx_HallSensor_Start_DMA), (8 bytes).
    Removing stm32f1xx_hal_tim_ex.o(.text.HAL_TIMEx_HallSensor_Stop_DMA), (74 bytes).
    Removing stm32f1xx_hal_tim_ex.o(.ARM.exidx.text.HAL_TIMEx_HallSensor_Stop_DMA), (8 bytes).
    Removing stm32f1xx_hal_tim_ex.o(.text.HAL_TIMEx_OCN_Start), (198 bytes).
    Removing stm32f1xx_hal_tim_ex.o(.ARM.exidx.text.HAL_TIMEx_OCN_Start), (8 bytes).
    Removing stm32f1xx_hal_tim_ex.o(.text.HAL_TIMEx_OCN_Stop), (146 bytes).
    Removing stm32f1xx_hal_tim_ex.o(.ARM.exidx.text.HAL_TIMEx_OCN_Stop), (8 bytes).
    Removing stm32f1xx_hal_tim_ex.o(.text.HAL_TIMEx_OCN_Start_IT), (214 bytes).
    Removing stm32f1xx_hal_tim_ex.o(.ARM.exidx.text.HAL_TIMEx_OCN_Start_IT), (8 bytes).
    Removing stm32f1xx_hal_tim_ex.o(.text.HAL_TIMEx_OCN_Stop_IT), (230 bytes).
    Removing stm32f1xx_hal_tim_ex.o(.ARM.exidx.text.HAL_TIMEx_OCN_Stop_IT), (8 bytes).
    Removing stm32f1xx_hal_tim_ex.o(.text.HAL_TIMEx_OCN_Start_DMA), (466 bytes).
    Removing stm32f1xx_hal_tim_ex.o(.ARM.exidx.text.HAL_TIMEx_OCN_Start_DMA), (8 bytes).
    Removing stm32f1xx_hal_tim_ex.o(.text.TIM_DMADelayPulseNCplt), (106 bytes).
    Removing stm32f1xx_hal_tim_ex.o(.ARM.exidx.text.TIM_DMADelayPulseNCplt), (8 bytes).
    Removing stm32f1xx_hal_tim_ex.o(.text.TIM_DMAErrorCCxN), (70 bytes).
    Removing stm32f1xx_hal_tim_ex.o(.ARM.exidx.text.TIM_DMAErrorCCxN), (8 bytes).
    Removing stm32f1xx_hal_tim_ex.o(.text.HAL_TIMEx_OCN_Stop_DMA), (192 bytes).
    Removing stm32f1xx_hal_tim_ex.o(.ARM.exidx.text.HAL_TIMEx_OCN_Stop_DMA), (8 bytes).
    Removing stm32f1xx_hal_tim_ex.o(.text.HAL_TIMEx_PWMN_Start), (198 bytes).
    Removing stm32f1xx_hal_tim_ex.o(.ARM.exidx.text.HAL_TIMEx_PWMN_Start), (8 bytes).
    Removing stm32f1xx_hal_tim_ex.o(.text.HAL_TIMEx_PWMN_Stop), (146 bytes).
    Removing stm32f1xx_hal_tim_ex.o(.ARM.exidx.text.HAL_TIMEx_PWMN_Stop), (8 bytes).
    Removing stm32f1xx_hal_tim_ex.o(.text.HAL_TIMEx_PWMN_Start_IT), (214 bytes).
    Removing stm32f1xx_hal_tim_ex.o(.ARM.exidx.text.HAL_TIMEx_PWMN_Start_IT), (8 bytes).
    Removing stm32f1xx_hal_tim_ex.o(.text.HAL_TIMEx_PWMN_Stop_IT), (230 bytes).
    Removing stm32f1xx_hal_tim_ex.o(.ARM.exidx.text.HAL_TIMEx_PWMN_Stop_IT), (8 bytes).
    Removing stm32f1xx_hal_tim_ex.o(.text.HAL_TIMEx_PWMN_Start_DMA), (466 bytes).
    Removing stm32f1xx_hal_tim_ex.o(.ARM.exidx.text.HAL_TIMEx_PWMN_Start_DMA), (8 bytes).
    Removing stm32f1xx_hal_tim_ex.o(.text.HAL_TIMEx_PWMN_Stop_DMA), (192 bytes).
    Removing stm32f1xx_hal_tim_ex.o(.ARM.exidx.text.HAL_TIMEx_PWMN_Stop_DMA), (8 bytes).
    Removing stm32f1xx_hal_tim_ex.o(.text.HAL_TIMEx_OnePulseN_Start), (120 bytes).
    Removing stm32f1xx_hal_tim_ex.o(.ARM.exidx.text.HAL_TIMEx_OnePulseN_Start), (8 bytes).
    Removing stm32f1xx_hal_tim_ex.o(.text.HAL_TIMEx_OnePulseN_Stop), (128 bytes).
    Removing stm32f1xx_hal_tim_ex.o(.ARM.exidx.text.HAL_TIMEx_OnePulseN_Stop), (8 bytes).
    Removing stm32f1xx_hal_tim_ex.o(.text.HAL_TIMEx_OnePulseN_Start_IT), (136 bytes).
    Removing stm32f1xx_hal_tim_ex.o(.ARM.exidx.text.HAL_TIMEx_OnePulseN_Start_IT), (8 bytes).
    Removing stm32f1xx_hal_tim_ex.o(.text.HAL_TIMEx_OnePulseN_Stop_IT), (144 bytes).
    Removing stm32f1xx_hal_tim_ex.o(.ARM.exidx.text.HAL_TIMEx_OnePulseN_Stop_IT), (8 bytes).
    Removing stm32f1xx_hal_tim_ex.o(.text.HAL_TIMEx_ConfigCommutEvent), (118 bytes).
    Removing stm32f1xx_hal_tim_ex.o(.ARM.exidx.text.HAL_TIMEx_ConfigCommutEvent), (8 bytes).
    Removing stm32f1xx_hal_tim_ex.o(.text.HAL_TIMEx_ConfigCommutEvent_IT), (118 bytes).
    Removing stm32f1xx_hal_tim_ex.o(.ARM.exidx.text.HAL_TIMEx_ConfigCommutEvent_IT), (8 bytes).
    Removing stm32f1xx_hal_tim_ex.o(.text.HAL_TIMEx_ConfigCommutEvent_DMA), (154 bytes).
    Removing stm32f1xx_hal_tim_ex.o(.ARM.exidx.text.HAL_TIMEx_ConfigCommutEvent_DMA), (8 bytes).
    Removing stm32f1xx_hal_tim_ex.o(.text.TIMEx_DMACommutationCplt), (12 bytes).
    Removing stm32f1xx_hal_tim_ex.o(.ARM.exidx.text.TIMEx_DMACommutationCplt), (8 bytes).
    Removing stm32f1xx_hal_tim_ex.o(.text.TIMEx_DMACommutationHalfCplt), (12 bytes).
    Removing stm32f1xx_hal_tim_ex.o(.ARM.exidx.text.TIMEx_DMACommutationHalfCplt), (8 bytes).
    Removing stm32f1xx_hal_tim_ex.o(.ARM.exidx.text.HAL_TIMEx_MasterConfigSynchronization), (8 bytes).
    Removing stm32f1xx_hal_tim_ex.o(.text.HAL_TIMEx_ConfigBreakDeadTime), (76 bytes).
    Removing stm32f1xx_hal_tim_ex.o(.ARM.exidx.text.HAL_TIMEx_ConfigBreakDeadTime), (8 bytes).
    Removing stm32f1xx_hal_tim_ex.o(.text.HAL_TIMEx_RemapConfig), (4 bytes).
    Removing stm32f1xx_hal_tim_ex.o(.ARM.exidx.text.HAL_TIMEx_RemapConfig), (8 bytes).
    Removing stm32f1xx_hal_tim_ex.o(.text.HAL_TIMEx_CommutCallback), (2 bytes).
    Removing stm32f1xx_hal_tim_ex.o(.ARM.exidx.text.HAL_TIMEx_CommutCallback), (8 bytes).
    Removing stm32f1xx_hal_tim_ex.o(.text.HAL_TIMEx_CommutHalfCpltCallback), (2 bytes).
    Removing stm32f1xx_hal_tim_ex.o(.ARM.exidx.text.HAL_TIMEx_CommutHalfCpltCallback), (8 bytes).
    Removing stm32f1xx_hal_tim_ex.o(.text.HAL_TIMEx_BreakCallback), (2 bytes).
    Removing stm32f1xx_hal_tim_ex.o(.ARM.exidx.text.HAL_TIMEx_BreakCallback), (8 bytes).
    Removing stm32f1xx_hal_tim_ex.o(.text.HAL_TIMEx_HallSensor_GetState), (6 bytes).
    Removing stm32f1xx_hal_tim_ex.o(.ARM.exidx.text.HAL_TIMEx_HallSensor_GetState), (8 bytes).
    Removing stm32f1xx_hal_tim_ex.o(.text.HAL_TIMEx_GetChannelNState), (34 bytes).
    Removing stm32f1xx_hal_tim_ex.o(.ARM.exidx.text.HAL_TIMEx_GetChannelNState), (8 bytes).
    Removing system_stm32f1xx.o(.text), (0 bytes).
    Removing system_stm32f1xx.o(.ARM.exidx.text.SystemInit), (8 bytes).
    Removing system_stm32f1xx.o(.text.SystemCoreClockUpdate), (112 bytes).
    Removing system_stm32f1xx.o(.ARM.exidx.text.SystemCoreClockUpdate), (8 bytes).

664 unused section(s) (total 34750 bytes) removed from the image.

==============================================================================

Image Symbol Table

    Local Symbols

    Symbol Name                              Value     Ov Type        Size  Object(Section)

    ../clib/angel/boardlib.s                 0x00000000   Number         0  boardinit1.o ABSOLUTE
    ../clib/angel/boardlib.s                 0x00000000   Number         0  boardinit2.o ABSOLUTE
    ../clib/angel/boardlib.s                 0x00000000   Number         0  boardinit3.o ABSOLUTE
    ../clib/angel/boardlib.s                 0x00000000   Number         0  boardshut.o ABSOLUTE
    ../clib/angel/handlers.s                 0x00000000   Number         0  __scatter_copy.o ABSOLUTE
    ../clib/angel/handlers.s                 0x00000000   Number         0  __scatter_zi.o ABSOLUTE
    ../clib/angel/kernel.s                   0x00000000   Number         0  __rtentry.o ABSOLUTE
    ../clib/angel/kernel.s                   0x00000000   Number         0  __rtentry2.o ABSOLUTE
    ../clib/angel/kernel.s                   0x00000000   Number         0  __rtentry4.o ABSOLUTE
    ../clib/angel/kernel.s                   0x00000000   Number         0  rtexit.o ABSOLUTE
    ../clib/angel/kernel.s                   0x00000000   Number         0  rtexit2.o ABSOLUTE
    ../clib/angel/rt.s                       0x00000000   Number         0  rt_raise.o ABSOLUTE
    ../clib/angel/scatter.s                  0x00000000   Number         0  __scatter.o ABSOLUTE
    ../clib/angel/startup.s                  0x00000000   Number         0  __main.o ABSOLUTE
    ../clib/angel/sys.s                      0x00000000   Number         0  sys_stackheap_outer.o ABSOLUTE
    ../clib/angel/sys.s                      0x00000000   Number         0  libspace.o ABSOLUTE
    ../clib/angel/sys.s                      0x00000000   Number         0  use_no_semi.o ABSOLUTE
    ../clib/angel/sys.s                      0x00000000   Number         0  indicate_semi.o ABSOLUTE
    ../clib/angel/sysapp.c                   0x00000000   Number         0  sys_exit.o ABSOLUTE
    ../clib/angel/sysapp.c                   0x00000000   Number         0  sys_exit_hlt.o ABSOLUTE
    ../clib/angel/sysapp.c                   0x00000000   Number         0  sys_command.o ABSOLUTE
    ../clib/angel/sysapp.c                   0x00000000   Number         0  sys_command_hlt.o ABSOLUTE
    ../clib/angel/sysapp.c                   0x00000000   Number         0  sys_wrch.o ABSOLUTE
    ../clib/angel/sysapp.c                   0x00000000   Number         0  sys_wrch_hlt.o ABSOLUTE
    ../clib/armsys.c                         0x00000000   Number         0  argv_veneer.o ABSOLUTE
    ../clib/armsys.c                         0x00000000   Number         0  argv_veneer.o ABSOLUTE
    ../clib/armsys.c                         0x00000000   Number         0  _get_argv_nomalloc.o ABSOLUTE
    ../clib/armsys.c                         0x00000000   Number         0  no_argv.o ABSOLUTE
    ../clib/heapalloc.c                      0x00000000   Number         0  hrguard.o ABSOLUTE
    ../clib/heapaux.c                        0x00000000   Number         0  heapauxi.o ABSOLUTE
    ../clib/libinit.s                        0x00000000   Number         0  libinit.o ABSOLUTE
    ../clib/libinit.s                        0x00000000   Number         0  libinit2.o ABSOLUTE
    ../clib/libinit.s                        0x00000000   Number         0  libshutdown.o ABSOLUTE
    ../clib/libinit.s                        0x00000000   Number         0  libshutdown2.o ABSOLUTE
    ../clib/memcpset.s                       0x00000000   Number         0  rt_memclr_w.o ABSOLUTE
    ../clib/signal.c                         0x00000000   Number         0  defsig_rtmem_outer.o ABSOLUTE
    ../clib/signal.c                         0x00000000   Number         0  defsig_rtmem_formal.o ABSOLUTE
    ../clib/signal.c                         0x00000000   Number         0  defsig_exit.o ABSOLUTE
    ../clib/signal.c                         0x00000000   Number         0  defsig_rtmem_inner.o ABSOLUTE
    ../clib/signal.c                         0x00000000   Number         0  __raise.o ABSOLUTE
    ../clib/signal.c                         0x00000000   Number         0  defsig_general.o ABSOLUTE
    ../clib/signal.c                         0x00000000   Number         0  defsig_abrt_inner.o ABSOLUTE
    ../clib/signal.c                         0x00000000   Number         0  defsig_fpe_inner.o ABSOLUTE
    ../clib/signal.c                         0x00000000   Number         0  defsig_rtred_inner.o ABSOLUTE
    ../clib/signal.c                         0x00000000   Number         0  defsig_stak_inner.o ABSOLUTE
    ../clib/signal.c                         0x00000000   Number         0  defsig_pvfn_inner.o ABSOLUTE
    ../clib/signal.c                         0x00000000   Number         0  defsig_cppl_inner.o ABSOLUTE
    ../clib/signal.c                         0x00000000   Number         0  defsig_segv_inner.o ABSOLUTE
    ../clib/signal.c                         0x00000000   Number         0  defsig_other.o ABSOLUTE
    ../clib/signal.s                         0x00000000   Number         0  defsig.o ABSOLUTE
    ../clib/stdlib.c                         0x00000000   Number         0  exit.o ABSOLUTE
    ../fplib/d2f.s                           0x00000000   Number         0  d2f.o ABSOLUTE
    ../fplib/daddsub.s                       0x00000000   Number         0  daddsub_clz.o ABSOLUTE
    ../fplib/ddiv.s                          0x00000000   Number         0  ddiv.o ABSOLUTE
    ../fplib/dflt.s                          0x00000000   Number         0  dflt_clz.o ABSOLUTE
    ../fplib/dmul.s                          0x00000000   Number         0  dmul.o ABSOLUTE
    ../fplib/dnaninf.s                       0x00000000   Number         0  dnaninf.o ABSOLUTE
    ../fplib/dretinf.s                       0x00000000   Number         0  dretinf.o ABSOLUTE
    ../fplib/f2d.s                           0x00000000   Number         0  f2d.o ABSOLUTE
    ../fplib/faddsub.s                       0x00000000   Number         0  faddsub_clz.o ABSOLUTE
    ../fplib/fcmp.s                          0x00000000   Number         0  fcmp.o ABSOLUTE
    ../fplib/fcmpi.s                         0x00000000   Number         0  fcmpi.o ABSOLUTE
    ../fplib/fdiv.s                          0x00000000   Number         0  fdiv.o ABSOLUTE
    ../fplib/feqf.s                          0x00000000   Number         0  feqf.o ABSOLUTE
    ../fplib/ffixu.s                         0x00000000   Number         0  ffixu.o ABSOLUTE
    ../fplib/fflt.s                          0x00000000   Number         0  fflt_clz.o ABSOLUTE
    ../fplib/fgeqf.s                         0x00000000   Number         0  fgeqf.o ABSOLUTE
    ../fplib/fleqf.s                         0x00000000   Number         0  fleqf.o ABSOLUTE
    ../fplib/fmul.s                          0x00000000   Number         0  fmul.o ABSOLUTE
    ../fplib/fnaninf.s                       0x00000000   Number         0  fnaninf.o ABSOLUTE
    ../fplib/fpinit.s                        0x00000000   Number         0  fpinit.o ABSOLUTE
    ../fplib/fpinit_empty.s                  0x00000000   Number         0  fpinit_empty.o ABSOLUTE
    ../fplib/fretinf.s                       0x00000000   Number         0  fretinf.o ABSOLUTE
    ../fplib/usenofp.s                       0x00000000   Number         0  usenofp.o ABSOLUTE
    dc.s                                     0x00000000   Number         0  dc.o ABSOLUTE
    main.c                                   0x00000000   Number         0  main.o ABSOLUTE
    startup_stm32f103xb.s                    0x00000000   Number         0  startup_stm32f103xb.o ABSOLUTE
    stm32f1xx_hal.c                          0x00000000   Number         0  stm32f1xx_hal.o ABSOLUTE
    stm32f1xx_hal_adc.c                      0x00000000   Number         0  stm32f1xx_hal_adc.o ABSOLUTE
    stm32f1xx_hal_adc_ex.c                   0x00000000   Number         0  stm32f1xx_hal_adc_ex.o ABSOLUTE
    stm32f1xx_hal_cortex.c                   0x00000000   Number         0  stm32f1xx_hal_cortex.o ABSOLUTE
    stm32f1xx_hal_dma.c                      0x00000000   Number         0  stm32f1xx_hal_dma.o ABSOLUTE
    stm32f1xx_hal_exti.c                     0x00000000   Number         0  stm32f1xx_hal_exti.o ABSOLUTE
    stm32f1xx_hal_flash.c                    0x00000000   Number         0  stm32f1xx_hal_flash.o ABSOLUTE
    stm32f1xx_hal_flash_ex.c                 0x00000000   Number         0  stm32f1xx_hal_flash_ex.o ABSOLUTE
    stm32f1xx_hal_gpio.c                     0x00000000   Number         0  stm32f1xx_hal_gpio.o ABSOLUTE
    stm32f1xx_hal_gpio_ex.c                  0x00000000   Number         0  stm32f1xx_hal_gpio_ex.o ABSOLUTE
    stm32f1xx_hal_msp.c                      0x00000000   Number         0  stm32f1xx_hal_msp.o ABSOLUTE
    stm32f1xx_hal_pwr.c                      0x00000000   Number         0  stm32f1xx_hal_pwr.o ABSOLUTE
    stm32f1xx_hal_rcc.c                      0x00000000   Number         0  stm32f1xx_hal_rcc.o ABSOLUTE
    stm32f1xx_hal_rcc_ex.c                   0x00000000   Number         0  stm32f1xx_hal_rcc_ex.o ABSOLUTE
    stm32f1xx_hal_tim.c                      0x00000000   Number         0  stm32f1xx_hal_tim.o ABSOLUTE
    stm32f1xx_hal_tim_ex.c                   0x00000000   Number         0  stm32f1xx_hal_tim_ex.o ABSOLUTE
    stm32f1xx_it.c                           0x00000000   Number         0  stm32f1xx_it.o ABSOLUTE
    system_stm32f1xx.c                       0x00000000   Number         0  system_stm32f1xx.o ABSOLUTE
    RESET                                    0x08000000   Section      236  startup_stm32f103xb.o(RESET)
    !!!main                                  0x080000ec   Section        8  __main.o(!!!main)
    !!!scatter                               0x080000f4   Section       52  __scatter.o(!!!scatter)
    !!handler_copy                           0x08000128   Section       26  __scatter_copy.o(!!handler_copy)
    !!handler_zi                             0x08000144   Section       28  __scatter_zi.o(!!handler_zi)
    .ARM.Collect$$libinit$$00000000          0x08000160   Section        2  libinit.o(.ARM.Collect$$libinit$$00000000)
    .ARM.Collect$$libinit$$00000002          0x08000162   Section        0  libinit2.o(.ARM.Collect$$libinit$$00000002)
    .ARM.Collect$$libinit$$00000004          0x08000162   Section        0  libinit2.o(.ARM.Collect$$libinit$$00000004)
    .ARM.Collect$$libinit$$00000006          0x08000162   Section        0  libinit2.o(.ARM.Collect$$libinit$$00000006)
    .ARM.Collect$$libinit$$0000000C          0x08000162   Section        0  libinit2.o(.ARM.Collect$$libinit$$0000000C)
    .ARM.Collect$$libinit$$0000000E          0x08000162   Section        0  libinit2.o(.ARM.Collect$$libinit$$0000000E)
    .ARM.Collect$$libinit$$00000010          0x08000162   Section        0  libinit2.o(.ARM.Collect$$libinit$$00000010)
    .ARM.Collect$$libinit$$00000013          0x08000162   Section        0  libinit2.o(.ARM.Collect$$libinit$$00000013)
    .ARM.Collect$$libinit$$00000015          0x08000162   Section        0  libinit2.o(.ARM.Collect$$libinit$$00000015)
    .ARM.Collect$$libinit$$00000017          0x08000162   Section        0  libinit2.o(.ARM.Collect$$libinit$$00000017)
    .ARM.Collect$$libinit$$00000019          0x08000162   Section        0  libinit2.o(.ARM.Collect$$libinit$$00000019)
    .ARM.Collect$$libinit$$0000001B          0x08000162   Section        0  libinit2.o(.ARM.Collect$$libinit$$0000001B)
    .ARM.Collect$$libinit$$0000001D          0x08000162   Section        0  libinit2.o(.ARM.Collect$$libinit$$0000001D)
    .ARM.Collect$$libinit$$0000001F          0x08000162   Section        0  libinit2.o(.ARM.Collect$$libinit$$0000001F)
    .ARM.Collect$$libinit$$00000021          0x08000162   Section        0  libinit2.o(.ARM.Collect$$libinit$$00000021)
    .ARM.Collect$$libinit$$00000023          0x08000162   Section        0  libinit2.o(.ARM.Collect$$libinit$$00000023)
    .ARM.Collect$$libinit$$00000025          0x08000162   Section        0  libinit2.o(.ARM.Collect$$libinit$$00000025)
    .ARM.Collect$$libinit$$00000027          0x08000162   Section        0  libinit2.o(.ARM.Collect$$libinit$$00000027)
    .ARM.Collect$$libinit$$0000002E          0x08000162   Section        0  libinit2.o(.ARM.Collect$$libinit$$0000002E)
    .ARM.Collect$$libinit$$00000030          0x08000162   Section        0  libinit2.o(.ARM.Collect$$libinit$$00000030)
    .ARM.Collect$$libinit$$00000032          0x08000162   Section        0  libinit2.o(.ARM.Collect$$libinit$$00000032)
    .ARM.Collect$$libinit$$00000034          0x08000162   Section        0  libinit2.o(.ARM.Collect$$libinit$$00000034)
    .ARM.Collect$$libinit$$00000035          0x08000162   Section        2  libinit2.o(.ARM.Collect$$libinit$$00000035)
    .ARM.Collect$$libshutdown$$00000000      0x08000164   Section        2  libshutdown.o(.ARM.Collect$$libshutdown$$00000000)
    .ARM.Collect$$libshutdown$$00000002      0x08000166   Section        0  libshutdown2.o(.ARM.Collect$$libshutdown$$00000002)
    .ARM.Collect$$libshutdown$$00000004      0x08000166   Section        0  libshutdown2.o(.ARM.Collect$$libshutdown$$00000004)
    .ARM.Collect$$libshutdown$$00000007      0x08000166   Section        0  libshutdown2.o(.ARM.Collect$$libshutdown$$00000007)
    .ARM.Collect$$libshutdown$$0000000A      0x08000166   Section        0  libshutdown2.o(.ARM.Collect$$libshutdown$$0000000A)
    .ARM.Collect$$libshutdown$$0000000C      0x08000166   Section        0  libshutdown2.o(.ARM.Collect$$libshutdown$$0000000C)
    .ARM.Collect$$libshutdown$$0000000F      0x08000166   Section        0  libshutdown2.o(.ARM.Collect$$libshutdown$$0000000F)
    .ARM.Collect$$libshutdown$$00000010      0x08000166   Section        2  libshutdown2.o(.ARM.Collect$$libshutdown$$00000010)
    .ARM.Collect$$rtentry$$00000000          0x08000168   Section        0  __rtentry.o(.ARM.Collect$$rtentry$$00000000)
    .ARM.Collect$$rtentry$$00000002          0x08000168   Section        0  __rtentry2.o(.ARM.Collect$$rtentry$$00000002)
    .ARM.Collect$$rtentry$$00000004          0x08000168   Section        6  __rtentry4.o(.ARM.Collect$$rtentry$$00000004)
    .ARM.Collect$$rtentry$$00000009          0x0800016e   Section        0  __rtentry2.o(.ARM.Collect$$rtentry$$00000009)
    .ARM.Collect$$rtentry$$0000000A          0x0800016e   Section        4  __rtentry2.o(.ARM.Collect$$rtentry$$0000000A)
    .ARM.Collect$$rtentry$$0000000C          0x08000172   Section        0  __rtentry2.o(.ARM.Collect$$rtentry$$0000000C)
    .ARM.Collect$$rtentry$$0000000D          0x08000172   Section        8  __rtentry2.o(.ARM.Collect$$rtentry$$0000000D)
    .ARM.Collect$$rtexit$$00000000           0x0800017a   Section        2  rtexit.o(.ARM.Collect$$rtexit$$00000000)
    .ARM.Collect$$rtexit$$00000002           0x0800017c   Section        0  rtexit2.o(.ARM.Collect$$rtexit$$00000002)
    .ARM.Collect$$rtexit$$00000003           0x0800017c   Section        4  rtexit2.o(.ARM.Collect$$rtexit$$00000003)
    .ARM.Collect$$rtexit$$00000004           0x08000180   Section        6  rtexit2.o(.ARM.Collect$$rtexit$$00000004)
    .text                                    0x08000188   Section       64  startup_stm32f103xb.o(.text)
    .text                                    0x080001c8   Section        0  heapauxi.o(.text)
    .text                                    0x080001ce   Section       74  sys_stackheap_outer.o(.text)
    .text                                    0x08000218   Section        0  exit.o(.text)
    .text                                    0x0800022c   Section        8  libspace.o(.text)
    .text                                    0x08000234   Section        0  sys_exit.o(.text)
    .text                                    0x08000240   Section        2  use_no_semi.o(.text)
    .text                                    0x08000242   Section        0  indicate_semi.o(.text)
    [Anonymous Symbol]                       0x08000244   Section        0  stm32f1xx_hal_adc.o(.text.ADC_Enable)
    [Anonymous Symbol]                       0x080002fc   Section        0  stm32f1xx_it.o(.text.BusFault_Handler)
    [Anonymous Symbol]                       0x08000300   Section        0  stm32f1xx_it.o(.text.DebugMon_Handler)
    [Anonymous Symbol]                       0x08000304   Section        0  stm32f1xx_hal_adc.o(.text.HAL_ADC_ConfigChannel)
    [Anonymous Symbol]                       0x08000490   Section        0  stm32f1xx_hal_adc.o(.text.HAL_ADC_GetValue)
    [Anonymous Symbol]                       0x08000498   Section        0  stm32f1xx_hal_adc.o(.text.HAL_ADC_Init)
    [Anonymous Symbol]                       0x080005f4   Section        0  stm32f1xx_hal_msp.o(.text.HAL_ADC_MspInit)
    [Anonymous Symbol]                       0x0800067c   Section        0  stm32f1xx_hal_adc.o(.text.HAL_ADC_PollForConversion)
    [Anonymous Symbol]                       0x080008e4   Section        0  stm32f1xx_hal_adc.o(.text.HAL_ADC_Start)
    [Anonymous Symbol]                       0x080009b0   Section        0  stm32f1xx_hal_adc.o(.text.HAL_ADC_Stop)
    [Anonymous Symbol]                       0x08000a30   Section        0  stm32f1xx_hal.o(.text.HAL_Delay)
    [Anonymous Symbol]                       0x08000a58   Section        0  stm32f1xx_hal_gpio.o(.text.HAL_GPIO_Init)
    [Anonymous Symbol]                       0x08000c74   Section        0  stm32f1xx_hal_gpio.o(.text.HAL_GPIO_WritePin)
    [Anonymous Symbol]                       0x08000c80   Section        0  stm32f1xx_hal.o(.text.HAL_GetTick)
    [Anonymous Symbol]                       0x08000c8c   Section        0  stm32f1xx_hal.o(.text.HAL_IncTick)
    [Anonymous Symbol]                       0x08000ca8   Section        0  stm32f1xx_hal.o(.text.HAL_Init)
    [Anonymous Symbol]                       0x08000cd0   Section        0  stm32f1xx_hal.o(.text.HAL_InitTick)
    [Anonymous Symbol]                       0x08000d18   Section        0  stm32f1xx_hal_msp.o(.text.HAL_MspInit)
    [Anonymous Symbol]                       0x08000d5c   Section        0  stm32f1xx_hal_cortex.o(.text.HAL_NVIC_SetPriority)
    [Anonymous Symbol]                       0x08000db4   Section        0  stm32f1xx_hal_cortex.o(.text.HAL_NVIC_SetPriorityGrouping)
    [Anonymous Symbol]                       0x08000dd4   Section        0  stm32f1xx_hal_rcc_ex.o(.text.HAL_RCCEx_GetPeriphCLKFreq)
    HAL_RCCEx_GetPeriphCLKFreq.aPLLMULFactorTable 0x08000eb0   Number         0  stm32f1xx_hal_rcc_ex.o(.text.HAL_RCCEx_GetPeriphCLKFreq)
    HAL_RCCEx_GetPeriphCLKFreq.aPredivFactorTable 0x08000ec0   Number         0  stm32f1xx_hal_rcc_ex.o(.text.HAL_RCCEx_GetPeriphCLKFreq)
    [Anonymous Symbol]                       0x08000ec4   Section        0  stm32f1xx_hal_rcc_ex.o(.text.HAL_RCCEx_PeriphCLKConfig)
    [Anonymous Symbol]                       0x08000fd0   Section        0  stm32f1xx_hal_rcc.o(.text.HAL_RCC_ClockConfig)
    [Anonymous Symbol]                       0x08001190   Section        0  stm32f1xx_hal_rcc.o(.text.HAL_RCC_GetPCLK2Freq)
    [Anonymous Symbol]                       0x080011b8   Section        0  stm32f1xx_hal_rcc.o(.text.HAL_RCC_OscConfig)
    [Anonymous Symbol]                       0x0800156c   Section        0  stm32f1xx_hal_cortex.o(.text.HAL_SYSTICK_Config)
    [Anonymous Symbol]                       0x08001598   Section        0  stm32f1xx_hal_tim_ex.o(.text.HAL_TIMEx_MasterConfigSynchronization)
    [Anonymous Symbol]                       0x08001614   Section        0  stm32f1xx_hal_tim.o(.text.HAL_TIM_Base_Init)
    [Anonymous Symbol]                       0x08001700   Section        0  stm32f1xx_hal_msp.o(.text.HAL_TIM_Base_MspInit)
    [Anonymous Symbol]                       0x08001754   Section        0  stm32f1xx_hal_tim.o(.text.HAL_TIM_ConfigClockSource)
    [Anonymous Symbol]                       0x080018f0   Section        0  stm32f1xx_hal_msp.o(.text.HAL_TIM_MspPostInit)
    [Anonymous Symbol]                       0x080019e8   Section        0  stm32f1xx_hal_tim.o(.text.HAL_TIM_PWM_ConfigChannel)
    [Anonymous Symbol]                       0x08001bf4   Section        0  stm32f1xx_hal_tim.o(.text.HAL_TIM_PWM_Init)
    [Anonymous Symbol]                       0x08001ce0   Section        0  stm32f1xx_hal_msp.o(.text.HAL_TIM_PWM_MspInit)
    [Anonymous Symbol]                       0x08001d14   Section        0  stm32f1xx_hal_tim.o(.text.HAL_TIM_PWM_Start)
    [Anonymous Symbol]                       0x08001df4   Section        0  stm32f1xx_it.o(.text.HardFault_Handler)
    [Anonymous Symbol]                       0x08001df8   Section        0  stm32f1xx_it.o(.text.MemManage_Handler)
    [Anonymous Symbol]                       0x08001dfc   Section        0  stm32f1xx_it.o(.text.NMI_Handler)
    [Anonymous Symbol]                       0x08001e00   Section        0  stm32f1xx_it.o(.text.PendSV_Handler)
    [Anonymous Symbol]                       0x08001e04   Section        0  stm32f1xx_it.o(.text.SVC_Handler)
    [Anonymous Symbol]                       0x08001e08   Section        0  stm32f1xx_it.o(.text.SysTick_Handler)
    [Anonymous Symbol]                       0x08001e0c   Section        0  system_stm32f1xx.o(.text.SystemInit)
    [Anonymous Symbol]                       0x08001e10   Section        0  stm32f1xx_it.o(.text.UsageFault_Handler)
    [Anonymous Symbol]                       0x08001e14   Section        0  main.o(.text.main)
    x$fpl$d2f                                0x0800273c   Section       98  d2f.o(x$fpl$d2f)
    x$fpl$dadd                               0x080027a0   Section      336  daddsub_clz.o(x$fpl$dadd)
    _dadd1                                   0x080027b1   Thumb Code     0  daddsub_clz.o(x$fpl$dadd)
    x$fpl$ddiv                               0x080028f0   Section      692  ddiv.o(x$fpl$ddiv)
    ddiv_entry                               0x080028f7   Thumb Code     0  ddiv.o(x$fpl$ddiv)
    x$fpl$dfltu                              0x08002ba4   Section       38  dflt_clz.o(x$fpl$dfltu)
    x$fpl$dmul                               0x08002bcc   Section      340  dmul.o(x$fpl$dmul)
    x$fpl$dnaninf                            0x08002d20   Section      156  dnaninf.o(x$fpl$dnaninf)
    x$fpl$dretinf                            0x08002dbc   Section       12  dretinf.o(x$fpl$dretinf)
    x$fpl$dsub                               0x08002dc8   Section      476  daddsub_clz.o(x$fpl$dsub)
    _dsub1                                   0x08002dd9   Thumb Code     0  daddsub_clz.o(x$fpl$dsub)
    x$fpl$f2d                                0x08002fa4   Section       86  f2d.o(x$fpl$f2d)
    x$fpl$fadd                               0x08002ffc   Section      196  faddsub_clz.o(x$fpl$fadd)
    _fadd1                                   0x0800300b   Thumb Code     0  faddsub_clz.o(x$fpl$fadd)
    x$fpl$fcmp                               0x080030c0   Section       84  fcmp.o(x$fpl$fcmp)
    x$fpl$fcmpinf                            0x08003114   Section       24  fcmpi.o(x$fpl$fcmpinf)
    _fdiv1                                   0x0800312d   Thumb Code     0  fdiv.o(x$fpl$fdiv)
    x$fpl$fdiv                               0x0800312c   Section      388  fdiv.o(x$fpl$fdiv)
    x$fpl$feqf                               0x080032b0   Section      104  feqf.o(x$fpl$feqf)
    x$fpl$ffixu                              0x08003318   Section       62  ffixu.o(x$fpl$ffixu)
    x$fpl$fflt                               0x08003358   Section       48  fflt_clz.o(x$fpl$fflt)
    x$fpl$ffltu                              0x08003388   Section       38  fflt_clz.o(x$fpl$ffltu)
    x$fpl$fgeqf                              0x080033b0   Section      104  fgeqf.o(x$fpl$fgeqf)
    x$fpl$fleqf                              0x08003418   Section      104  fleqf.o(x$fpl$fleqf)
    x$fpl$fmul                               0x08003480   Section      258  fmul.o(x$fpl$fmul)
    x$fpl$fnaninf                            0x08003582   Section      140  fnaninf.o(x$fpl$fnaninf)
    x$fpl$fretinf                            0x0800360e   Section       10  fretinf.o(x$fpl$fretinf)
    x$fpl$fsub                               0x08003618   Section      234  faddsub_clz.o(x$fpl$fsub)
    _fsub1                                   0x08003627   Thumb Code     0  faddsub_clz.o(x$fpl$fsub)
    x$fpl$usenofp                            0x08003702   Section        0  usenofp.o(x$fpl$usenofp)
    HAL_RCC_GetSysClockFreq.aPredivFactorTable 0x0800371a   Data           2  stm32f1xx_hal_rcc.o(.rodata.HAL_RCC_GetSysClockFreq.aPredivFactorTable)
    [Anonymous Symbol]                       0x0800371a   Section        0  stm32f1xx_hal_rcc.o(.rodata.HAL_RCC_GetSysClockFreq.aPredivFactorTable)
    HAL_RCC_GetSysClockFreq.aPLLMULFactorTable 0x0800371c   Data          16  stm32f1xx_hal_rcc.o(.rodata.cst16)
    [Anonymous Symbol]                       0x0800371c   Section        0  stm32f1xx_hal_rcc.o(.rodata.cst16)
    .L_MergedGlobals                         0x20000000   Data           8  stm32f1xx_hal.o(.data..L_MergedGlobals)
    [Anonymous Symbol]                       0x20000000   Section        0  stm32f1xx_hal.o(.data..L_MergedGlobals)
    .bss                                     0x20000010   Section       96  libspace.o(.bss)
    .L_MergedGlobals                         0x20000070   Data          92  main.o(.bss..L_MergedGlobals)
    [Anonymous Symbol]                       0x20000070   Section        0  main.o(.bss..L_MergedGlobals)
    Heap_Mem                                 0x200001a8   Data         512  startup_stm32f103xb.o(HEAP)
    HEAP                                     0x200001a8   Section      512  startup_stm32f103xb.o(HEAP)
    Stack_Mem                                0x200003a8   Data        1024  startup_stm32f103xb.o(STACK)
    STACK                                    0x200003a8   Section     1024  startup_stm32f103xb.o(STACK)
    __initial_sp                             0x200007a8   Data           0  startup_stm32f103xb.o(STACK)

    Global Symbols

    Symbol Name                              Value     Ov Type        Size  Object(Section)

    BuildAttributes$$THM_ISAv4$P$D$K$B$S$PE$A:L22UL41UL21$X:L11$S22US41US21$IEEE1$IW$~IW$USESV6$~STKCKD$USESV7$~SHL$OTIME$ROPI$EBA8$UX$STANDARDLIB$REQ8$PRES8$EABIv2 0x00000000   Number         0  anon$$obj.o ABSOLUTE
    __fp_init_empty                          0x00000000   Number         0  fpinit_empty.o ABSOLUTE
    __ARM_exceptions_init                     - Undefined Weak Reference
    __alloca_initialize                       - Undefined Weak Reference
    __arm_preinit_                            - Undefined Weak Reference
    __arm_relocate_pie_                       - Undefined Weak Reference
    __cpp_initialize__aeabi_                  - Undefined Weak Reference
    __cxa_finalize                            - Undefined Weak Reference
    __rt_locale                               - Undefined Weak Reference
    __sigvec_lookup                           - Undefined Weak Reference
    _atexit_init                              - Undefined Weak Reference
    _call_atexit_fns                          - Undefined Weak Reference
    _clock_init                               - Undefined Weak Reference
    _fp_trap_init                             - Undefined Weak Reference
    _fp_trap_shutdown                         - Undefined Weak Reference
    _get_lc_collate                           - Undefined Weak Reference
    _get_lc_ctype                             - Undefined Weak Reference
    _get_lc_monetary                          - Undefined Weak Reference
    _get_lc_numeric                           - Undefined Weak Reference
    _get_lc_time                              - Undefined Weak Reference
    _getenv_init                              - Undefined Weak Reference
    _handle_redirection                       - Undefined Weak Reference
    _init_alloc                               - Undefined Weak Reference
    _init_user_alloc                          - Undefined Weak Reference
    _initio                                   - Undefined Weak Reference
    _rand_init                                - Undefined Weak Reference
    _signal_finish                            - Undefined Weak Reference
    _signal_init                              - Undefined Weak Reference
    _terminate_alloc                          - Undefined Weak Reference
    _terminate_user_alloc                     - Undefined Weak Reference
    _terminateio                              - Undefined Weak Reference
    __Vectors_Size                           0x000000ec   Number         0  startup_stm32f103xb.o ABSOLUTE
    __Vectors                                0x08000000   Data           4  startup_stm32f103xb.o(RESET)
    __Vectors_End                            0x080000ec   Data           0  startup_stm32f103xb.o(RESET)
    __main                                   0x080000ed   Thumb Code     8  __main.o(!!!main)
    __scatterload                            0x080000f5   Thumb Code     0  __scatter.o(!!!scatter)
    __scatterload_rt2                        0x080000f5   Thumb Code    44  __scatter.o(!!!scatter)
    __scatterload_rt2_thumb_only             0x080000f5   Thumb Code     0  __scatter.o(!!!scatter)
    __scatterload_null                       0x08000103   Thumb Code     0  __scatter.o(!!!scatter)
    __scatterload_copy                       0x08000129   Thumb Code    26  __scatter_copy.o(!!handler_copy)
    __scatterload_zeroinit                   0x08000145   Thumb Code    28  __scatter_zi.o(!!handler_zi)
    __rt_lib_init                            0x08000161   Thumb Code     0  libinit.o(.ARM.Collect$$libinit$$00000000)
    __rt_lib_init_alloca_1                   0x08000163   Thumb Code     0  libinit2.o(.ARM.Collect$$libinit$$00000030)
    __rt_lib_init_argv_1                     0x08000163   Thumb Code     0  libinit2.o(.ARM.Collect$$libinit$$0000002E)
    __rt_lib_init_atexit_1                   0x08000163   Thumb Code     0  libinit2.o(.ARM.Collect$$libinit$$0000001D)
    __rt_lib_init_clock_1                    0x08000163   Thumb Code     0  libinit2.o(.ARM.Collect$$libinit$$00000023)
    __rt_lib_init_cpp_1                      0x08000163   Thumb Code     0  libinit2.o(.ARM.Collect$$libinit$$00000034)
    __rt_lib_init_exceptions_1               0x08000163   Thumb Code     0  libinit2.o(.ARM.Collect$$libinit$$00000032)
    __rt_lib_init_fp_1                       0x08000163   Thumb Code     0  libinit2.o(.ARM.Collect$$libinit$$00000002)
    __rt_lib_init_fp_trap_1                  0x08000163   Thumb Code     0  libinit2.o(.ARM.Collect$$libinit$$00000021)
    __rt_lib_init_getenv_1                   0x08000163   Thumb Code     0  libinit2.o(.ARM.Collect$$libinit$$00000025)
    __rt_lib_init_heap_1                     0x08000163   Thumb Code     0  libinit2.o(.ARM.Collect$$libinit$$0000000C)
    __rt_lib_init_lc_collate_1               0x08000163   Thumb Code     0  libinit2.o(.ARM.Collect$$libinit$$00000013)
    __rt_lib_init_lc_ctype_1                 0x08000163   Thumb Code     0  libinit2.o(.ARM.Collect$$libinit$$00000015)
    __rt_lib_init_lc_monetary_1              0x08000163   Thumb Code     0  libinit2.o(.ARM.Collect$$libinit$$00000017)
    __rt_lib_init_lc_numeric_1               0x08000163   Thumb Code     0  libinit2.o(.ARM.Collect$$libinit$$00000019)
    __rt_lib_init_lc_time_1                  0x08000163   Thumb Code     0  libinit2.o(.ARM.Collect$$libinit$$0000001B)
    __rt_lib_init_preinit_1                  0x08000163   Thumb Code     0  libinit2.o(.ARM.Collect$$libinit$$00000006)
    __rt_lib_init_rand_1                     0x08000163   Thumb Code     0  libinit2.o(.ARM.Collect$$libinit$$00000010)
    __rt_lib_init_relocate_pie_1             0x08000163   Thumb Code     0  libinit2.o(.ARM.Collect$$libinit$$00000004)
    __rt_lib_init_return                     0x08000163   Thumb Code     0  libinit2.o(.ARM.Collect$$libinit$$00000035)
    __rt_lib_init_signal_1                   0x08000163   Thumb Code     0  libinit2.o(.ARM.Collect$$libinit$$0000001F)
    __rt_lib_init_stdio_1                    0x08000163   Thumb Code     0  libinit2.o(.ARM.Collect$$libinit$$00000027)
    __rt_lib_init_user_alloc_1               0x08000163   Thumb Code     0  libinit2.o(.ARM.Collect$$libinit$$0000000E)
    __rt_lib_shutdown                        0x08000165   Thumb Code     0  libshutdown.o(.ARM.Collect$$libshutdown$$00000000)
    __rt_lib_shutdown_cpp_1                  0x08000167   Thumb Code     0  libshutdown2.o(.ARM.Collect$$libshutdown$$00000002)
    __rt_lib_shutdown_fp_trap_1              0x08000167   Thumb Code     0  libshutdown2.o(.ARM.Collect$$libshutdown$$00000007)
    __rt_lib_shutdown_heap_1                 0x08000167   Thumb Code     0  libshutdown2.o(.ARM.Collect$$libshutdown$$0000000F)
    __rt_lib_shutdown_return                 0x08000167   Thumb Code     0  libshutdown2.o(.ARM.Collect$$libshutdown$$00000010)
    __rt_lib_shutdown_signal_1               0x08000167   Thumb Code     0  libshutdown2.o(.ARM.Collect$$libshutdown$$0000000A)
    __rt_lib_shutdown_stdio_1                0x08000167   Thumb Code     0  libshutdown2.o(.ARM.Collect$$libshutdown$$00000004)
    __rt_lib_shutdown_user_alloc_1           0x08000167   Thumb Code     0  libshutdown2.o(.ARM.Collect$$libshutdown$$0000000C)
    __rt_entry                               0x08000169   Thumb Code     0  __rtentry.o(.ARM.Collect$$rtentry$$00000000)
    __rt_entry_presh_1                       0x08000169   Thumb Code     0  __rtentry2.o(.ARM.Collect$$rtentry$$00000002)
    __rt_entry_sh                            0x08000169   Thumb Code     0  __rtentry4.o(.ARM.Collect$$rtentry$$00000004)
    __rt_entry_li                            0x0800016f   Thumb Code     0  __rtentry2.o(.ARM.Collect$$rtentry$$0000000A)
    __rt_entry_postsh_1                      0x0800016f   Thumb Code     0  __rtentry2.o(.ARM.Collect$$rtentry$$00000009)
    __rt_entry_main                          0x08000173   Thumb Code     0  __rtentry2.o(.ARM.Collect$$rtentry$$0000000D)
    __rt_entry_postli_1                      0x08000173   Thumb Code     0  __rtentry2.o(.ARM.Collect$$rtentry$$0000000C)
    __rt_exit                                0x0800017b   Thumb Code     0  rtexit.o(.ARM.Collect$$rtexit$$00000000)
    __rt_exit_ls                             0x0800017d   Thumb Code     0  rtexit2.o(.ARM.Collect$$rtexit$$00000003)
    __rt_exit_prels_1                        0x0800017d   Thumb Code     0  rtexit2.o(.ARM.Collect$$rtexit$$00000002)
    __rt_exit_exit                           0x08000181   Thumb Code     0  rtexit2.o(.ARM.Collect$$rtexit$$00000004)
    Reset_Handler                            0x08000189   Thumb Code     8  startup_stm32f103xb.o(.text)
    ADC1_2_IRQHandler                        0x080001a3   Thumb Code     0  startup_stm32f103xb.o(.text)
    CAN1_RX1_IRQHandler                      0x080001a3   Thumb Code     0  startup_stm32f103xb.o(.text)
    CAN1_SCE_IRQHandler                      0x080001a3   Thumb Code     0  startup_stm32f103xb.o(.text)
    DMA1_Channel1_IRQHandler                 0x080001a3   Thumb Code     0  startup_stm32f103xb.o(.text)
    DMA1_Channel2_IRQHandler                 0x080001a3   Thumb Code     0  startup_stm32f103xb.o(.text)
    DMA1_Channel3_IRQHandler                 0x080001a3   Thumb Code     0  startup_stm32f103xb.o(.text)
    DMA1_Channel4_IRQHandler                 0x080001a3   Thumb Code     0  startup_stm32f103xb.o(.text)
    DMA1_Channel5_IRQHandler                 0x080001a3   Thumb Code     0  startup_stm32f103xb.o(.text)
    DMA1_Channel6_IRQHandler                 0x080001a3   Thumb Code     0  startup_stm32f103xb.o(.text)
    DMA1_Channel7_IRQHandler                 0x080001a3   Thumb Code     0  startup_stm32f103xb.o(.text)
    EXTI0_IRQHandler                         0x080001a3   Thumb Code     0  startup_stm32f103xb.o(.text)
    EXTI15_10_IRQHandler                     0x080001a3   Thumb Code     0  startup_stm32f103xb.o(.text)
    EXTI1_IRQHandler                         0x080001a3   Thumb Code     0  startup_stm32f103xb.o(.text)
    EXTI2_IRQHandler                         0x080001a3   Thumb Code     0  startup_stm32f103xb.o(.text)
    EXTI3_IRQHandler                         0x080001a3   Thumb Code     0  startup_stm32f103xb.o(.text)
    EXTI4_IRQHandler                         0x080001a3   Thumb Code     0  startup_stm32f103xb.o(.text)
    EXTI9_5_IRQHandler                       0x080001a3   Thumb Code     0  startup_stm32f103xb.o(.text)
    FLASH_IRQHandler                         0x080001a3   Thumb Code     0  startup_stm32f103xb.o(.text)
    I2C1_ER_IRQHandler                       0x080001a3   Thumb Code     0  startup_stm32f103xb.o(.text)
    I2C1_EV_IRQHandler                       0x080001a3   Thumb Code     0  startup_stm32f103xb.o(.text)
    I2C2_ER_IRQHandler                       0x080001a3   Thumb Code     0  startup_stm32f103xb.o(.text)
    I2C2_EV_IRQHandler                       0x080001a3   Thumb Code     0  startup_stm32f103xb.o(.text)
    PVD_IRQHandler                           0x080001a3   Thumb Code     0  startup_stm32f103xb.o(.text)
    RCC_IRQHandler                           0x080001a3   Thumb Code     0  startup_stm32f103xb.o(.text)
    RTC_Alarm_IRQHandler                     0x080001a3   Thumb Code     0  startup_stm32f103xb.o(.text)
    RTC_IRQHandler                           0x080001a3   Thumb Code     0  startup_stm32f103xb.o(.text)
    SPI1_IRQHandler                          0x080001a3   Thumb Code     0  startup_stm32f103xb.o(.text)
    SPI2_IRQHandler                          0x080001a3   Thumb Code     0  startup_stm32f103xb.o(.text)
    TAMPER_IRQHandler                        0x080001a3   Thumb Code     0  startup_stm32f103xb.o(.text)
    TIM1_BRK_IRQHandler                      0x080001a3   Thumb Code     0  startup_stm32f103xb.o(.text)
    TIM1_CC_IRQHandler                       0x080001a3   Thumb Code     0  startup_stm32f103xb.o(.text)
    TIM1_TRG_COM_IRQHandler                  0x080001a3   Thumb Code     0  startup_stm32f103xb.o(.text)
    TIM1_UP_IRQHandler                       0x080001a3   Thumb Code     0  startup_stm32f103xb.o(.text)
    TIM2_IRQHandler                          0x080001a3   Thumb Code     0  startup_stm32f103xb.o(.text)
    TIM3_IRQHandler                          0x080001a3   Thumb Code     0  startup_stm32f103xb.o(.text)
    TIM4_IRQHandler                          0x080001a3   Thumb Code     0  startup_stm32f103xb.o(.text)
    USART1_IRQHandler                        0x080001a3   Thumb Code     0  startup_stm32f103xb.o(.text)
    USART2_IRQHandler                        0x080001a3   Thumb Code     0  startup_stm32f103xb.o(.text)
    USART3_IRQHandler                        0x080001a3   Thumb Code     0  startup_stm32f103xb.o(.text)
    USBWakeUp_IRQHandler                     0x080001a3   Thumb Code     0  startup_stm32f103xb.o(.text)
    USB_HP_CAN1_TX_IRQHandler                0x080001a3   Thumb Code     0  startup_stm32f103xb.o(.text)
    USB_LP_CAN1_RX0_IRQHandler               0x080001a3   Thumb Code     0  startup_stm32f103xb.o(.text)
    WWDG_IRQHandler                          0x080001a3   Thumb Code     0  startup_stm32f103xb.o(.text)
    __user_initial_stackheap                 0x080001a5   Thumb Code     0  startup_stm32f103xb.o(.text)
    __use_two_region_memory                  0x080001c9   Thumb Code     2  heapauxi.o(.text)
    __rt_heap_escrow$2region                 0x080001cb   Thumb Code     2  heapauxi.o(.text)
    __rt_heap_expand$2region                 0x080001cd   Thumb Code     2  heapauxi.o(.text)
    __user_setup_stackheap                   0x080001cf   Thumb Code    74  sys_stackheap_outer.o(.text)
    exit                                     0x08000219   Thumb Code    18  exit.o(.text)
    __user_libspace                          0x0800022d   Thumb Code     8  libspace.o(.text)
    __user_perproc_libspace                  0x0800022d   Thumb Code     0  libspace.o(.text)
    __user_perthread_libspace                0x0800022d   Thumb Code     0  libspace.o(.text)
    _sys_exit                                0x08000235   Thumb Code     8  sys_exit.o(.text)
    __I$use$semihosting                      0x08000241   Thumb Code     0  use_no_semi.o(.text)
    __use_no_semihosting_swi                 0x08000241   Thumb Code     2  use_no_semi.o(.text)
    __semihosting_library_function           0x08000243   Thumb Code     0  indicate_semi.o(.text)
    ADC_Enable                               0x08000245   Thumb Code   182  stm32f1xx_hal_adc.o(.text.ADC_Enable)
    BusFault_Handler                         0x080002fd   Thumb Code     2  stm32f1xx_it.o(.text.BusFault_Handler)
    DebugMon_Handler                         0x08000301   Thumb Code     2  stm32f1xx_it.o(.text.DebugMon_Handler)
    HAL_ADC_ConfigChannel                    0x08000305   Thumb Code   396  stm32f1xx_hal_adc.o(.text.HAL_ADC_ConfigChannel)
    HAL_ADC_GetValue                         0x08000491   Thumb Code     6  stm32f1xx_hal_adc.o(.text.HAL_ADC_GetValue)
    HAL_ADC_Init                             0x08000499   Thumb Code   348  stm32f1xx_hal_adc.o(.text.HAL_ADC_Init)
    HAL_ADC_MspInit                          0x080005f5   Thumb Code   134  stm32f1xx_hal_msp.o(.text.HAL_ADC_MspInit)
    HAL_ADC_PollForConversion                0x0800067d   Thumb Code   616  stm32f1xx_hal_adc.o(.text.HAL_ADC_PollForConversion)
    HAL_ADC_Start                            0x080008e5   Thumb Code   204  stm32f1xx_hal_adc.o(.text.HAL_ADC_Start)
    HAL_ADC_Stop                             0x080009b1   Thumb Code   126  stm32f1xx_hal_adc.o(.text.HAL_ADC_Stop)
    HAL_Delay                                0x08000a31   Thumb Code    40  stm32f1xx_hal.o(.text.HAL_Delay)
    HAL_GPIO_Init                            0x08000a59   Thumb Code   538  stm32f1xx_hal_gpio.o(.text.HAL_GPIO_Init)
    HAL_GPIO_WritePin                        0x08000c75   Thumb Code    10  stm32f1xx_hal_gpio.o(.text.HAL_GPIO_WritePin)
    HAL_GetTick                              0x08000c81   Thumb Code    12  stm32f1xx_hal.o(.text.HAL_GetTick)
    HAL_IncTick                              0x08000c8d   Thumb Code    26  stm32f1xx_hal.o(.text.HAL_IncTick)
    HAL_Init                                 0x08000ca9   Thumb Code    38  stm32f1xx_hal.o(.text.HAL_Init)
    HAL_InitTick                             0x08000cd1   Thumb Code    72  stm32f1xx_hal.o(.text.HAL_InitTick)
    HAL_MspInit                              0x08000d19   Thumb Code    66  stm32f1xx_hal_msp.o(.text.HAL_MspInit)
    HAL_NVIC_SetPriority                     0x08000d5d   Thumb Code    86  stm32f1xx_hal_cortex.o(.text.HAL_NVIC_SetPriority)
    HAL_NVIC_SetPriorityGrouping             0x08000db5   Thumb Code    32  stm32f1xx_hal_cortex.o(.text.HAL_NVIC_SetPriorityGrouping)
    HAL_RCCEx_GetPeriphCLKFreq               0x08000dd5   Thumb Code   220  stm32f1xx_hal_rcc_ex.o(.text.HAL_RCCEx_GetPeriphCLKFreq)
    HAL_RCCEx_PeriphCLKConfig                0x08000ec5   Thumb Code   266  stm32f1xx_hal_rcc_ex.o(.text.HAL_RCCEx_PeriphCLKConfig)
    HAL_RCC_ClockConfig                      0x08000fd1   Thumb Code   446  stm32f1xx_hal_rcc.o(.text.HAL_RCC_ClockConfig)
    HAL_RCC_GetPCLK2Freq                     0x08001191   Thumb Code    38  stm32f1xx_hal_rcc.o(.text.HAL_RCC_GetPCLK2Freq)
    HAL_RCC_OscConfig                        0x080011b9   Thumb Code   948  stm32f1xx_hal_rcc.o(.text.HAL_RCC_OscConfig)
    HAL_SYSTICK_Config                       0x0800156d   Thumb Code    44  stm32f1xx_hal_cortex.o(.text.HAL_SYSTICK_Config)
    HAL_TIMEx_MasterConfigSynchronization    0x08001599   Thumb Code   122  stm32f1xx_hal_tim_ex.o(.text.HAL_TIMEx_MasterConfigSynchronization)
    HAL_TIM_Base_Init                        0x08001615   Thumb Code   236  stm32f1xx_hal_tim.o(.text.HAL_TIM_Base_Init)
    HAL_TIM_Base_MspInit                     0x08001701   Thumb Code    82  stm32f1xx_hal_msp.o(.text.HAL_TIM_Base_MspInit)
    HAL_TIM_ConfigClockSource                0x08001755   Thumb Code   412  stm32f1xx_hal_tim.o(.text.HAL_TIM_ConfigClockSource)
    HAL_TIM_MspPostInit                      0x080018f1   Thumb Code   246  stm32f1xx_hal_msp.o(.text.HAL_TIM_MspPostInit)
    HAL_TIM_PWM_ConfigChannel                0x080019e9   Thumb Code   524  stm32f1xx_hal_tim.o(.text.HAL_TIM_PWM_ConfigChannel)
    HAL_TIM_PWM_Init                         0x08001bf5   Thumb Code   236  stm32f1xx_hal_tim.o(.text.HAL_TIM_PWM_Init)
    HAL_TIM_PWM_MspInit                      0x08001ce1   Thumb Code    50  stm32f1xx_hal_msp.o(.text.HAL_TIM_PWM_MspInit)
    HAL_TIM_PWM_Start                        0x08001d15   Thumb Code   222  stm32f1xx_hal_tim.o(.text.HAL_TIM_PWM_Start)
    HardFault_Handler                        0x08001df5   Thumb Code     2  stm32f1xx_it.o(.text.HardFault_Handler)
    MemManage_Handler                        0x08001df9   Thumb Code     2  stm32f1xx_it.o(.text.MemManage_Handler)
    NMI_Handler                              0x08001dfd   Thumb Code     2  stm32f1xx_it.o(.text.NMI_Handler)
    PendSV_Handler                           0x08001e01   Thumb Code     2  stm32f1xx_it.o(.text.PendSV_Handler)
    SVC_Handler                              0x08001e05   Thumb Code     2  stm32f1xx_it.o(.text.SVC_Handler)
    SysTick_Handler                          0x08001e09   Thumb Code     4  stm32f1xx_it.o(.text.SysTick_Handler)
    SystemInit                               0x08001e0d   Thumb Code     2  system_stm32f1xx.o(.text.SystemInit)
    UsageFault_Handler                       0x08001e11   Thumb Code     2  stm32f1xx_it.o(.text.UsageFault_Handler)
    main                                     0x08001e15   Thumb Code  2344  main.o(.text.main)
    __aeabi_d2f                              0x0800273d   Thumb Code     0  d2f.o(x$fpl$d2f)
    _d2f                                     0x0800273d   Thumb Code    98  d2f.o(x$fpl$d2f)
    __aeabi_dadd                             0x080027a1   Thumb Code     0  daddsub_clz.o(x$fpl$dadd)
    _dadd                                    0x080027a1   Thumb Code   332  daddsub_clz.o(x$fpl$dadd)
    __aeabi_ddiv                             0x080028f1   Thumb Code     0  ddiv.o(x$fpl$ddiv)
    _ddiv                                    0x080028f1   Thumb Code   556  ddiv.o(x$fpl$ddiv)
    __aeabi_ui2d                             0x08002ba5   Thumb Code     0  dflt_clz.o(x$fpl$dfltu)
    _dfltu                                   0x08002ba5   Thumb Code    38  dflt_clz.o(x$fpl$dfltu)
    __aeabi_dmul                             0x08002bcd   Thumb Code     0  dmul.o(x$fpl$dmul)
    _dmul                                    0x08002bcd   Thumb Code   332  dmul.o(x$fpl$dmul)
    __fpl_dnaninf                            0x08002d21   Thumb Code   156  dnaninf.o(x$fpl$dnaninf)
    __fpl_dretinf                            0x08002dbd   Thumb Code    12  dretinf.o(x$fpl$dretinf)
    __aeabi_dsub                             0x08002dc9   Thumb Code     0  daddsub_clz.o(x$fpl$dsub)
    _dsub                                    0x08002dc9   Thumb Code   472  daddsub_clz.o(x$fpl$dsub)
    __aeabi_f2d                              0x08002fa5   Thumb Code     0  f2d.o(x$fpl$f2d)
    _f2d                                     0x08002fa5   Thumb Code    86  f2d.o(x$fpl$f2d)
    __aeabi_fadd                             0x08002ffd   Thumb Code     0  faddsub_clz.o(x$fpl$fadd)
    _fadd                                    0x08002ffd   Thumb Code   196  faddsub_clz.o(x$fpl$fadd)
    __aeabi_fcmpeq                           0x080030c1   Thumb Code     0  fcmp.o(x$fpl$fcmp)
    _feq                                     0x080030c1   Thumb Code    14  fcmp.o(x$fpl$fcmp)
    _fneq                                    0x080030cf   Thumb Code    14  fcmp.o(x$fpl$fcmp)
    __aeabi_fcmpgt                           0x080030dd   Thumb Code     0  fcmp.o(x$fpl$fcmp)
    _fgr                                     0x080030dd   Thumb Code    14  fcmp.o(x$fpl$fcmp)
    __aeabi_fcmpge                           0x080030eb   Thumb Code     0  fcmp.o(x$fpl$fcmp)
    _fgeq                                    0x080030eb   Thumb Code    14  fcmp.o(x$fpl$fcmp)
    __aeabi_fcmple                           0x080030f9   Thumb Code     0  fcmp.o(x$fpl$fcmp)
    _fleq                                    0x080030f9   Thumb Code    14  fcmp.o(x$fpl$fcmp)
    __aeabi_fcmplt                           0x08003107   Thumb Code     0  fcmp.o(x$fpl$fcmp)
    _fls                                     0x08003107   Thumb Code    14  fcmp.o(x$fpl$fcmp)
    __fpl_fcmp_Inf                           0x08003115   Thumb Code    24  fcmpi.o(x$fpl$fcmpinf)
    __aeabi_fdiv                             0x0800312d   Thumb Code     0  fdiv.o(x$fpl$fdiv)
    _fdiv                                    0x0800312d   Thumb Code   384  fdiv.o(x$fpl$fdiv)
    __aeabi_cfcmpeq                          0x080032b1   Thumb Code     0  feqf.o(x$fpl$feqf)
    _fcmpeq                                  0x080032b1   Thumb Code   104  feqf.o(x$fpl$feqf)
    __aeabi_f2uiz                            0x08003319   Thumb Code     0  ffixu.o(x$fpl$ffixu)
    _ffixu                                   0x08003319   Thumb Code    62  ffixu.o(x$fpl$ffixu)
    __aeabi_i2f                              0x08003359   Thumb Code     0  fflt_clz.o(x$fpl$fflt)
    _fflt                                    0x08003359   Thumb Code    48  fflt_clz.o(x$fpl$fflt)
    __aeabi_ui2f                             0x08003389   Thumb Code     0  fflt_clz.o(x$fpl$ffltu)
    _ffltu                                   0x08003389   Thumb Code    38  fflt_clz.o(x$fpl$ffltu)
    _fcmpge                                  0x080033b1   Thumb Code   104  fgeqf.o(x$fpl$fgeqf)
    __aeabi_cfcmple                          0x08003419   Thumb Code     0  fleqf.o(x$fpl$fleqf)
    _fcmple                                  0x08003419   Thumb Code   104  fleqf.o(x$fpl$fleqf)
    __fpl_fcmple_InfNaN                      0x0800346b   Thumb Code     0  fleqf.o(x$fpl$fleqf)
    __aeabi_fmul                             0x08003481   Thumb Code     0  fmul.o(x$fpl$fmul)
    _fmul                                    0x08003481   Thumb Code   258  fmul.o(x$fpl$fmul)
    __fpl_fnaninf                            0x08003583   Thumb Code   140  fnaninf.o(x$fpl$fnaninf)
    __fpl_fretinf                            0x0800360f   Thumb Code    10  fretinf.o(x$fpl$fretinf)
    __aeabi_fsub                             0x08003619   Thumb Code     0  faddsub_clz.o(x$fpl$fsub)
    _fsub                                    0x08003619   Thumb Code   234  faddsub_clz.o(x$fpl$fsub)
    AHBPrescTable                            0x08003702   Data          16  system_stm32f1xx.o(.rodata.AHBPrescTable)
    __I$use$fp                               0x08003702   Number         0  usenofp.o(x$fpl$usenofp)
    APBPrescTable                            0x08003712   Data           8  system_stm32f1xx.o(.rodata.APBPrescTable)
    Region$$Table$$Base                      0x0800372c   Number         0  anon$$obj.o(Region$$Table)
    Region$$Table$$Limit                     0x0800374c   Number         0  anon$$obj.o(Region$$Table)
    uwTickFreq                               0x20000000   Data           1  stm32f1xx_hal.o(.data..L_MergedGlobals)
    uwTickPrio                               0x20000004   Data           4  stm32f1xx_hal.o(.data..L_MergedGlobals)
    SystemCoreClock                          0x20000008   Data           4  system_stm32f1xx.o(.data.SystemCoreClock)
    __libspace_start                         0x20000010   Data          96  libspace.o(.bss)
    __temporary_stack_top$libspace           0x20000070   Data           0  libspace.o(.bss)
    dem                                      0x20000070   Data           1  main.o(.bss..L_MergedGlobals)
    state                                    0x20000071   Data           1  main.o(.bss..L_MergedGlobals)
    Ampe_max                                 0x20000072   Data           1  main.o(.bss..L_MergedGlobals)
    c                                        0x20000073   Data           1  main.o(.bss..L_MergedGlobals)
    i                                        0x20000074   Data           1  main.o(.bss..L_MergedGlobals)
    ADC_1                                    0x20000078   Data           4  main.o(.bss..L_MergedGlobals)
    Voltage                                  0x2000007c   Data           4  main.o(.bss..L_MergedGlobals)
    Ampe                                     0x20000080   Data           4  main.o(.bss..L_MergedGlobals)
    Duty_Cycle                               0x20000084   Data           4  main.o(.bss..L_MergedGlobals)
    tong_0                                   0x20000088   Data           4  main.o(.bss..L_MergedGlobals)
    tong_1                                   0x2000008c   Data           4  main.o(.bss..L_MergedGlobals)
    tong_2                                   0x20000090   Data           4  main.o(.bss..L_MergedGlobals)
    ADC_0                                    0x20000094   Data           4  main.o(.bss..L_MergedGlobals)
    ADC_9                                    0x20000098   Data           4  main.o(.bss..L_MergedGlobals)
    hadc1                                    0x2000009c   Data          48  main.o(.bss..L_MergedGlobals)
    htim2                                    0x200000cc   Data          72  main.o(.bss.htim2)
    htim3                                    0x20000114   Data          72  main.o(.bss.htim3)
    htim4                                    0x2000015c   Data          72  main.o(.bss.htim4)
    uwTick                                   0x200001a4   Data           4  stm32f1xx_hal.o(.bss.uwTick)



==============================================================================

Memory Map of the image

  Image Entry point : 0x080000ed

  Load Region LR_IROM1 (Base: 0x08000000, Size: 0x00003760, Max: 0x00010000, ABSOLUTE)

    Execution Region ER_IROM1 (Exec base: 0x08000000, Load base: 0x08000000, Size: 0x0000374c, Max: 0x00010000, ABSOLUTE)

    Exec Addr    Load Addr    Size         Type   Attr      Idx    E Section Name        Object

    0x08000000   0x08000000   0x000000ec   Data   RO            3    RESET               startup_stm32f103xb.o
    0x080000ec   0x080000ec   0x00000008   Code   RO          866  * !!!main             c_w.l(__main.o)
    0x080000f4   0x080000f4   0x00000034   Code   RO         1094    !!!scatter          c_w.l(__scatter.o)
    0x08000128   0x08000128   0x0000001a   Code   RO         1096    !!handler_copy      c_w.l(__scatter_copy.o)
    0x08000142   0x08000142   0x00000002   PAD
    0x08000144   0x08000144   0x0000001c   Code   RO         1098    !!handler_zi        c_w.l(__scatter_zi.o)
    0x08000160   0x08000160   0x00000002   Code   RO          956    .ARM.Collect$$libinit$$00000000  c_w.l(libinit.o)
    0x08000162   0x08000162   0x00000000   Code   RO          963    .ARM.Collect$$libinit$$00000002  c_w.l(libinit2.o)
    0x08000162   0x08000162   0x00000000   Code   RO          965    .ARM.Collect$$libinit$$00000004  c_w.l(libinit2.o)
    0x08000162   0x08000162   0x00000000   Code   RO          967    .ARM.Collect$$libinit$$00000006  c_w.l(libinit2.o)
    0x08000162   0x08000162   0x00000000   Code   RO          970    .ARM.Collect$$libinit$$0000000C  c_w.l(libinit2.o)
    0x08000162   0x08000162   0x00000000   Code   RO          972    .ARM.Collect$$libinit$$0000000E  c_w.l(libinit2.o)
    0x08000162   0x08000162   0x00000000   Code   RO          974    .ARM.Collect$$libinit$$00000010  c_w.l(libinit2.o)
    0x08000162   0x08000162   0x00000000   Code   RO          977    .ARM.Collect$$libinit$$00000013  c_w.l(libinit2.o)
    0x08000162   0x08000162   0x00000000   Code   RO          979    .ARM.Collect$$libinit$$00000015  c_w.l(libinit2.o)
    0x08000162   0x08000162   0x00000000   Code   RO          981    .ARM.Collect$$libinit$$00000017  c_w.l(libinit2.o)
    0x08000162   0x08000162   0x00000000   Code   RO          983    .ARM.Collect$$libinit$$00000019  c_w.l(libinit2.o)
    0x08000162   0x08000162   0x00000000   Code   RO          985    .ARM.Collect$$libinit$$0000001B  c_w.l(libinit2.o)
    0x08000162   0x08000162   0x00000000   Code   RO          987    .ARM.Collect$$libinit$$0000001D  c_w.l(libinit2.o)
    0x08000162   0x08000162   0x00000000   Code   RO          989    .ARM.Collect$$libinit$$0000001F  c_w.l(libinit2.o)
    0x08000162   0x08000162   0x00000000   Code   RO          991    .ARM.Collect$$libinit$$00000021  c_w.l(libinit2.o)
    0x08000162   0x08000162   0x00000000   Code   RO          993    .ARM.Collect$$libinit$$00000023  c_w.l(libinit2.o)
    0x08000162   0x08000162   0x00000000   Code   RO          995    .ARM.Collect$$libinit$$00000025  c_w.l(libinit2.o)
    0x08000162   0x08000162   0x00000000   Code   RO          997    .ARM.Collect$$libinit$$00000027  c_w.l(libinit2.o)
    0x08000162   0x08000162   0x00000000   Code   RO         1001    .ARM.Collect$$libinit$$0000002E  c_w.l(libinit2.o)
    0x08000162   0x08000162   0x00000000   Code   RO         1003    .ARM.Collect$$libinit$$00000030  c_w.l(libinit2.o)
    0x08000162   0x08000162   0x00000000   Code   RO         1005    .ARM.Collect$$libinit$$00000032  c_w.l(libinit2.o)
    0x08000162   0x08000162   0x00000000   Code   RO         1007    .ARM.Collect$$libinit$$00000034  c_w.l(libinit2.o)
    0x08000162   0x08000162   0x00000002   Code   RO         1008    .ARM.Collect$$libinit$$00000035  c_w.l(libinit2.o)
    0x08000164   0x08000164   0x00000002   Code   RO         1030    .ARM.Collect$$libshutdown$$00000000  c_w.l(libshutdown.o)
    0x08000166   0x08000166   0x00000000   Code   RO         1045    .ARM.Collect$$libshutdown$$00000002  c_w.l(libshutdown2.o)
    0x08000166   0x08000166   0x00000000   Code   RO         1047    .ARM.Collect$$libshutdown$$00000004  c_w.l(libshutdown2.o)
    0x08000166   0x08000166   0x00000000   Code   RO         1050    .ARM.Collect$$libshutdown$$00000007  c_w.l(libshutdown2.o)
    0x08000166   0x08000166   0x00000000   Code   RO         1053    .ARM.Collect$$libshutdown$$0000000A  c_w.l(libshutdown2.o)
    0x08000166   0x08000166   0x00000000   Code   RO         1055    .ARM.Collect$$libshutdown$$0000000C  c_w.l(libshutdown2.o)
    0x08000166   0x08000166   0x00000000   Code   RO         1058    .ARM.Collect$$libshutdown$$0000000F  c_w.l(libshutdown2.o)
    0x08000166   0x08000166   0x00000002   Code   RO         1059    .ARM.Collect$$libshutdown$$00000010  c_w.l(libshutdown2.o)
    0x08000168   0x08000168   0x00000000   Code   RO          914    .ARM.Collect$$rtentry$$00000000  c_w.l(__rtentry.o)
    0x08000168   0x08000168   0x00000000   Code   RO          931    .ARM.Collect$$rtentry$$00000002  c_w.l(__rtentry2.o)
    0x08000168   0x08000168   0x00000006   Code   RO          943    .ARM.Collect$$rtentry$$00000004  c_w.l(__rtentry4.o)
    0x0800016e   0x0800016e   0x00000000   Code   RO          933    .ARM.Collect$$rtentry$$00000009  c_w.l(__rtentry2.o)
    0x0800016e   0x0800016e   0x00000004   Code   RO          934    .ARM.Collect$$rtentry$$0000000A  c_w.l(__rtentry2.o)
    0x08000172   0x08000172   0x00000000   Code   RO          936    .ARM.Collect$$rtentry$$0000000C  c_w.l(__rtentry2.o)
    0x08000172   0x08000172   0x00000008   Code   RO          937    .ARM.Collect$$rtentry$$0000000D  c_w.l(__rtentry2.o)
    0x0800017a   0x0800017a   0x00000002   Code   RO          960    .ARM.Collect$$rtexit$$00000000  c_w.l(rtexit.o)
    0x0800017c   0x0800017c   0x00000000   Code   RO         1010    .ARM.Collect$$rtexit$$00000002  c_w.l(rtexit2.o)
    0x0800017c   0x0800017c   0x00000004   Code   RO         1011    .ARM.Collect$$rtexit$$00000003  c_w.l(rtexit2.o)
    0x08000180   0x08000180   0x00000006   Code   RO         1012    .ARM.Collect$$rtexit$$00000004  c_w.l(rtexit2.o)
    0x08000186   0x08000186   0x00000002   PAD
    0x08000188   0x08000188   0x00000040   Code   RO            4    .text               startup_stm32f103xb.o
    0x080001c8   0x080001c8   0x00000006   Code   RO          864    .text               c_w.l(heapauxi.o)
    0x080001ce   0x080001ce   0x0000004a   Code   RO          947    .text               c_w.l(sys_stackheap_outer.o)
    0x08000218   0x08000218   0x00000012   Code   RO          949    .text               c_w.l(exit.o)
    0x0800022a   0x0800022a   0x00000002   PAD
    0x0800022c   0x0800022c   0x00000008   Code   RO          957    .text               c_w.l(libspace.o)
    0x08000234   0x08000234   0x0000000c   Code   RO         1020    .text               c_w.l(sys_exit.o)
    0x08000240   0x08000240   0x00000002   Code   RO         1035    .text               c_w.l(use_no_semi.o)
    0x08000242   0x08000242   0x00000000   Code   RO         1037    .text               c_w.l(indicate_semi.o)
    0x08000242   0x08000242   0x00000002   PAD
    0x08000244   0x08000244   0x000000b6   Code   RO          110    .text.ADC_Enable    stm32f1xx_hal_adc.o
    0x080002fa   0x080002fa   0x00000002   PAD
    0x080002fc   0x080002fc   0x00000002   Code   RO           41    .text.BusFault_Handler  stm32f1xx_it.o
    0x080002fe   0x080002fe   0x00000002   PAD
    0x08000300   0x08000300   0x00000002   Code   RO           47    .text.DebugMon_Handler  stm32f1xx_it.o
    0x08000302   0x08000302   0x00000002   PAD
    0x08000304   0x08000304   0x0000018c   Code   RO          144    .text.HAL_ADC_ConfigChannel  stm32f1xx_hal_adc.o
    0x08000490   0x08000490   0x00000006   Code   RO          132    .text.HAL_ADC_GetValue  stm32f1xx_hal_adc.o
    0x08000496   0x08000496   0x00000002   PAD
    0x08000498   0x08000498   0x0000015c   Code   RO           98    .text.HAL_ADC_Init  stm32f1xx_hal_adc.o
    0x080005f4   0x080005f4   0x00000086   Code   RO           62    .text.HAL_ADC_MspInit  stm32f1xx_hal_msp.o
    0x0800067a   0x0800067a   0x00000002   PAD
    0x0800067c   0x0800067c   0x00000268   Code   RO          114    .text.HAL_ADC_PollForConversion  stm32f1xx_hal_adc.o
    0x080008e4   0x080008e4   0x000000cc   Code   RO          108    .text.HAL_ADC_Start  stm32f1xx_hal_adc.o
    0x080009b0   0x080009b0   0x0000007e   Code   RO          112    .text.HAL_ADC_Stop  stm32f1xx_hal_adc.o
    0x08000a2e   0x08000a2e   0x00000002   PAD
    0x08000a30   0x08000a30   0x00000028   Code   RO          214    .text.HAL_Delay     stm32f1xx_hal.o
    0x08000a58   0x08000a58   0x0000021a   Code   RO          306    .text.HAL_GPIO_Init  stm32f1xx_hal_gpio.o
    0x08000c72   0x08000c72   0x00000002   PAD
    0x08000c74   0x08000c74   0x0000000a   Code   RO          312    .text.HAL_GPIO_WritePin  stm32f1xx_hal_gpio.o
    0x08000c7e   0x08000c7e   0x00000002   PAD
    0x08000c80   0x08000c80   0x0000000c   Code   RO          206    .text.HAL_GetTick   stm32f1xx_hal.o
    0x08000c8c   0x08000c8c   0x0000001a   Code   RO          204    .text.HAL_IncTick   stm32f1xx_hal.o
    0x08000ca6   0x08000ca6   0x00000002   PAD
    0x08000ca8   0x08000ca8   0x00000026   Code   RO          194    .text.HAL_Init      stm32f1xx_hal.o
    0x08000cce   0x08000cce   0x00000002   PAD
    0x08000cd0   0x08000cd0   0x00000048   Code   RO          196    .text.HAL_InitTick  stm32f1xx_hal.o
    0x08000d18   0x08000d18   0x00000042   Code   RO           60    .text.HAL_MspInit   stm32f1xx_hal_msp.o
    0x08000d5a   0x08000d5a   0x00000002   PAD
    0x08000d5c   0x08000d5c   0x00000056   Code   RO          364    .text.HAL_NVIC_SetPriority  stm32f1xx_hal_cortex.o
    0x08000db2   0x08000db2   0x00000002   PAD
    0x08000db4   0x08000db4   0x00000020   Code   RO          362    .text.HAL_NVIC_SetPriorityGrouping  stm32f1xx_hal_cortex.o
    0x08000dd4   0x08000dd4   0x000000f0   Code   RO          296    .text.HAL_RCCEx_GetPeriphCLKFreq  stm32f1xx_hal_rcc_ex.o
    0x08000ec4   0x08000ec4   0x0000010a   Code   RO          292    .text.HAL_RCCEx_PeriphCLKConfig  stm32f1xx_hal_rcc_ex.o
    0x08000fce   0x08000fce   0x00000002   PAD
    0x08000fd0   0x08000fd0   0x000001be   Code   RO          258    .text.HAL_RCC_ClockConfig  stm32f1xx_hal_rcc.o
    0x0800118e   0x0800118e   0x00000002   PAD
    0x08001190   0x08001190   0x00000026   Code   RO          272    .text.HAL_RCC_GetPCLK2Freq  stm32f1xx_hal_rcc.o
    0x080011b6   0x080011b6   0x00000002   PAD
    0x080011b8   0x080011b8   0x000003b4   Code   RO          256    .text.HAL_RCC_OscConfig  stm32f1xx_hal_rcc.o
    0x0800156c   0x0800156c   0x0000002c   Code   RO          374    .text.HAL_SYSTICK_Config  stm32f1xx_hal_cortex.o
    0x08001598   0x08001598   0x0000007a   Code   RO          822    .text.HAL_TIMEx_MasterConfigSynchronization  stm32f1xx_hal_tim_ex.o
    0x08001612   0x08001612   0x00000002   PAD
    0x08001614   0x08001614   0x000000ec   Code   RO          527    .text.HAL_TIM_Base_Init  stm32f1xx_hal_tim.o
    0x08001700   0x08001700   0x00000052   Code   RO           66    .text.HAL_TIM_Base_MspInit  stm32f1xx_hal_msp.o
    0x08001752   0x08001752   0x00000002   PAD
    0x08001754   0x08001754   0x0000019c   Code   RO          707    .text.HAL_TIM_ConfigClockSource  stm32f1xx_hal_tim.o
    0x080018f0   0x080018f0   0x000000f6   Code   RO           70    .text.HAL_TIM_MspPostInit  stm32f1xx_hal_msp.o
    0x080019e6   0x080019e6   0x00000002   PAD
    0x080019e8   0x080019e8   0x0000020c   Code   RO          681    .text.HAL_TIM_PWM_ConfigChannel  stm32f1xx_hal_tim.o
    0x08001bf4   0x08001bf4   0x000000ec   Code   RO          581    .text.HAL_TIM_PWM_Init  stm32f1xx_hal_tim.o
    0x08001ce0   0x08001ce0   0x00000032   Code   RO           68    .text.HAL_TIM_PWM_MspInit  stm32f1xx_hal_msp.o
    0x08001d12   0x08001d12   0x00000002   PAD
    0x08001d14   0x08001d14   0x000000de   Code   RO          589    .text.HAL_TIM_PWM_Start  stm32f1xx_hal_tim.o
    0x08001df2   0x08001df2   0x00000002   PAD
    0x08001df4   0x08001df4   0x00000002   Code   RO           37    .text.HardFault_Handler  stm32f1xx_it.o
    0x08001df6   0x08001df6   0x00000002   PAD
    0x08001df8   0x08001df8   0x00000002   Code   RO           39    .text.MemManage_Handler  stm32f1xx_it.o
    0x08001dfa   0x08001dfa   0x00000002   PAD
    0x08001dfc   0x08001dfc   0x00000002   Code   RO           35    .text.NMI_Handler   stm32f1xx_it.o
    0x08001dfe   0x08001dfe   0x00000002   PAD
    0x08001e00   0x08001e00   0x00000002   Code   RO           49    .text.PendSV_Handler  stm32f1xx_it.o
    0x08001e02   0x08001e02   0x00000002   PAD
    0x08001e04   0x08001e04   0x00000002   Code   RO           45    .text.SVC_Handler   stm32f1xx_it.o
    0x08001e06   0x08001e06   0x00000002   PAD
    0x08001e08   0x08001e08   0x00000004   Code   RO           51    .text.SysTick_Handler  stm32f1xx_it.o
    0x08001e0c   0x08001e0c   0x00000002   Code   RO          846    .text.SystemInit    system_stm32f1xx.o
    0x08001e0e   0x08001e0e   0x00000002   PAD
    0x08001e10   0x08001e10   0x00000002   Code   RO           43    .text.UsageFault_Handler  stm32f1xx_it.o
    0x08001e12   0x08001e12   0x00000002   PAD
    0x08001e14   0x08001e14   0x00000928   Code   RO           19    .text.main          main.o
    0x0800273c   0x0800273c   0x00000062   Code   RO          868    x$fpl$d2f           fz_ws.l(d2f.o)
    0x0800279e   0x0800279e   0x00000002   PAD
    0x080027a0   0x080027a0   0x00000150   Code   RO          870    x$fpl$dadd          fz_ws.l(daddsub_clz.o)
    0x080028f0   0x080028f0   0x000002b4   Code   RO          877    x$fpl$ddiv          fz_ws.l(ddiv.o)
    0x08002ba4   0x08002ba4   0x00000026   Code   RO          880    x$fpl$dfltu         fz_ws.l(dflt_clz.o)
    0x08002bca   0x08002bca   0x00000002   PAD
    0x08002bcc   0x08002bcc   0x00000154   Code   RO          886    x$fpl$dmul          fz_ws.l(dmul.o)
    0x08002d20   0x08002d20   0x0000009c   Code   RO          915    x$fpl$dnaninf       fz_ws.l(dnaninf.o)
    0x08002dbc   0x08002dbc   0x0000000c   Code   RO          917    x$fpl$dretinf       fz_ws.l(dretinf.o)
    0x08002dc8   0x08002dc8   0x000001dc   Code   RO          872    x$fpl$dsub          fz_ws.l(daddsub_clz.o)
    0x08002fa4   0x08002fa4   0x00000056   Code   RO          888    x$fpl$f2d           fz_ws.l(f2d.o)
    0x08002ffa   0x08002ffa   0x00000002   PAD
    0x08002ffc   0x08002ffc   0x000000c4   Code   RO          890    x$fpl$fadd          fz_ws.l(faddsub_clz.o)
    0x080030c0   0x080030c0   0x00000054   Code   RO          896    x$fpl$fcmp          fz_ws.l(fcmp.o)
    0x08003114   0x08003114   0x00000018   Code   RO          945    x$fpl$fcmpinf       fz_ws.l(fcmpi.o)
    0x0800312c   0x0800312c   0x00000184   Code   RO          899    x$fpl$fdiv          fz_ws.l(fdiv.o)
    0x080032b0   0x080032b0   0x00000068   Code   RO          919    x$fpl$feqf          fz_ws.l(feqf.o)
    0x08003318   0x08003318   0x0000003e   Code   RO          902    x$fpl$ffixu         fz_ws.l(ffixu.o)
    0x08003356   0x08003356   0x00000002   PAD
    0x08003358   0x08003358   0x00000030   Code   RO          907    x$fpl$fflt          fz_ws.l(fflt_clz.o)
    0x08003388   0x08003388   0x00000026   Code   RO          906    x$fpl$ffltu         fz_ws.l(fflt_clz.o)
    0x080033ae   0x080033ae   0x00000002   PAD
    0x080033b0   0x080033b0   0x00000068   Code   RO          921    x$fpl$fgeqf         fz_ws.l(fgeqf.o)
    0x08003418   0x08003418   0x00000068   Code   RO          923    x$fpl$fleqf         fz_ws.l(fleqf.o)
    0x08003480   0x08003480   0x00000102   Code   RO          912    x$fpl$fmul          fz_ws.l(fmul.o)
    0x08003582   0x08003582   0x0000008c   Code   RO          925    x$fpl$fnaninf       fz_ws.l(fnaninf.o)
    0x0800360e   0x0800360e   0x0000000a   Code   RO          927    x$fpl$fretinf       fz_ws.l(fretinf.o)
    0x08003618   0x08003618   0x000000ea   Code   RO          892    x$fpl$fsub          fz_ws.l(faddsub_clz.o)
    0x08003702   0x08003702   0x00000000   Code   RO          929    x$fpl$usenofp       fz_ws.l(usenofp.o)
    0x08003702   0x08003702   0x00000010   Data   RO          851    .rodata.AHBPrescTable  system_stm32f1xx.o
    0x08003712   0x08003712   0x00000008   Data   RO          852    .rodata.APBPrescTable  system_stm32f1xx.o
    0x0800371a   0x0800371a   0x00000002   Data   RO          283    .rodata.HAL_RCC_GetSysClockFreq.aPredivFactorTable  stm32f1xx_hal_rcc.o
    0x0800371c   0x0800371c   0x00000010   Data   RO          282    .rodata.cst16       stm32f1xx_hal_rcc.o
    0x0800372c   0x0800372c   0x00000020   Data   RO         1093    Region$$Table       anon$$obj.o


    Execution Region RW_IRAM1 (Exec base: 0x20000000, Load base: 0x08003750, Size: 0x000007a8, Max: 0x00005000, ABSOLUTE)

    Exec Addr    Load Addr    Size         Type   Attr      Idx    E Section Name        Object

    0x20000000   0x08003750   0x00000008   Data   RW          245    .data..L_MergedGlobals  stm32f1xx_hal.o
    0x20000008   0x08003758   0x00000004   Data   RW          850    .data.SystemCoreClock  system_stm32f1xx.o
    0x2000000c   0x0800375c   0x00000004   PAD
    0x20000010        -       0x00000060   Zero   RW          958    .bss                c_w.l(libspace.o)
    0x20000070        -       0x0000005c   Zero   RW           27    .bss..L_MergedGlobals  main.o
    0x200000cc        -       0x00000048   Zero   RW           24    .bss.htim2          main.o
    0x20000114        -       0x00000048   Zero   RW           23    .bss.htim3          main.o
    0x2000015c        -       0x00000048   Zero   RW           25    .bss.htim4          main.o
    0x200001a4        -       0x00000004   Zero   RW          244    .bss.uwTick         stm32f1xx_hal.o
    0x200001a8        -       0x00000200   Zero   RW            2    HEAP                startup_stm32f103xb.o
    0x200003a8        -       0x00000400   Zero   RW            1    STACK               startup_stm32f103xb.o


==============================================================================

Image component sizes


      Code (inc. data)   RO Data    RW Data    ZI Data      Debug   Object Name

      2344          0          0          0        308      10356   main.o
        64         26        236          0       1536        840   startup_stm32f103xb.o
       188          0          0          8          4       6005   stm32f1xx_hal.o
      1878          0          0          0          0      13441   stm32f1xx_hal_adc.o
       162          0          0          0          0       8724   stm32f1xx_hal_cortex.o
       548         22          0          0          0       4794   stm32f1xx_hal_gpio.o
       578          0          0          0          0       7147   stm32f1xx_hal_msp.o
      1432          0         18          0          0       7896   stm32f1xx_hal_rcc.o
       506         20          0          0          0       3797   stm32f1xx_hal_rcc_ex.o
      1630          6          0          0          0      55383   stm32f1xx_hal_tim.o
       122          0          0          0          0      20950   stm32f1xx_hal_tim_ex.o
        20          0          0          0          0       1234   stm32f1xx_it.o
         2          0         24          4          0       1729   system_stm32f1xx.o

    ----------------------------------------------------------------------
      9528         74        310         12       1852     142296   Object Totals
         0          0         32          0          0          0   (incl. Generated)
        54          0          0          0          4          0   (incl. Padding)

    ----------------------------------------------------------------------

      Code (inc. data)   RO Data    RW Data    ZI Data      Debug   Library Member Name

         8          0          0          0          0         68   __main.o
         0          0          0          0          0          0   __rtentry.o
        12          0          0          0          0          0   __rtentry2.o
         6          0          0          0          0          0   __rtentry4.o
        52          8          0          0          0          0   __scatter.o
        26          0          0          0          0          0   __scatter_copy.o
        28          0          0          0          0          0   __scatter_zi.o
        18          0          0          0          0         80   exit.o
         6          0          0          0          0        152   heapauxi.o
         0          0          0          0          0          0   indicate_semi.o
         2          0          0          0          0          0   libinit.o
         2          0          0          0          0          0   libinit2.o
         2          0          0          0          0          0   libshutdown.o
         2          0          0          0          0          0   libshutdown2.o
         8          4          0          0         96         68   libspace.o
         2          0          0          0          0          0   rtexit.o
        10          0          0          0          0          0   rtexit2.o
        12          4          0          0          0         68   sys_exit.o
        74          0          0          0          0         80   sys_stackheap_outer.o
         2          0          0          0          0         68   use_no_semi.o
        98          4          0          0          0         92   d2f.o
       812         16          0          0          0        296   daddsub_clz.o
       692        140          0          0          0        216   ddiv.o
        38          0          0          0          0         68   dflt_clz.o
       340         12          0          0          0        104   dmul.o
       156          4          0          0          0         92   dnaninf.o
        12          0          0          0          0         68   dretinf.o
        86          4          0          0          0         84   f2d.o
       430          8          0          0          0        168   faddsub_clz.o
        84          0          0          0          0        196   fcmp.o
        24          0          0          0          0         68   fcmpi.o
       388         76          0          0          0         96   fdiv.o
       104          4          0          0          0         84   feqf.o
        62          4          0          0          0         84   ffixu.o
        86          0          0          0          0        136   fflt_clz.o
       104          4          0          0          0         84   fgeqf.o
       104          4          0          0          0         84   fleqf.o
       258          4          0          0          0         84   fmul.o
       140          4          0          0          0         84   fnaninf.o
        10          0          0          0          0         68   fretinf.o
         0          0          0          0          0          0   usenofp.o

    ----------------------------------------------------------------------
      4318        304          0          0         96       2840   Library Totals
        18          0          0          0          0          0   (incl. Padding)

    ----------------------------------------------------------------------

      Code (inc. data)   RO Data    RW Data    ZI Data      Debug   Library Name

       272         16          0          0         96        584   c_w.l
      4028        288          0          0          0       2256   fz_ws.l

    ----------------------------------------------------------------------
      4318        304          0          0         96       2840   Library Totals

    ----------------------------------------------------------------------

==============================================================================


      Code (inc. data)   RO Data    RW Data    ZI Data      Debug   

     13846        378        310         12       1948     143612   Grand Totals
     13846        378        310         12       1948     143612   ELF Image Totals
     13846        378        310         12          0          0   ROM Totals

==============================================================================

    Total RO  Size (Code + RO Data)                14156 (  13.82kB)
    Total RW  Size (RW Data + ZI Data)              1960 (   1.91kB)
    Total ROM Size (Code + RO Data + RW Data)      14168 (  13.84kB)

==============================================================================

